Archive member included because of file (symbol)

/opt/microchip/xc32/v1.31/bin/../lib/gcc/pic32mx/4.5.2/../../../../pic32mx/lib/libpic32.a(default-bootstrap-exception-handler.o)
                              /opt/microchip/xc32/v1.31/bin/../lib/gcc/pic32mx/4.5.2/../../../../pic32mx/lib/./proc/32MX795F512L/crt0_mips32r2.o (_bootstrap_exception_handler)
/opt/microchip/xc32/v1.31/bin/../lib/gcc/pic32mx/4.5.2/../../../../pic32mx/lib/libpic32.a(default-on-reset.o)
                              /opt/microchip/xc32/v1.31/bin/../lib/gcc/pic32mx/4.5.2/../../../../pic32mx/lib/./proc/32MX795F512L/crt0_mips32r2.o (_on_reset)
/opt/microchip/xc32/v1.31/bin/../lib/gcc/pic32mx/4.5.2/../../../../pic32mx/lib/libpic32.a(default-on-bootstrap.o)
                              /opt/microchip/xc32/v1.31/bin/../lib/gcc/pic32mx/4.5.2/../../../../pic32mx/lib/./proc/32MX795F512L/crt0_mips32r2.o (_on_bootstrap)
/opt/microchip/xc32/v1.31/bin/../lib/gcc/pic32mx/4.5.2/../../../../pic32mx/lib/libpic32.a(default-nmi-handler.o)
                              /opt/microchip/xc32/v1.31/bin/../lib/gcc/pic32mx/4.5.2/../../../../pic32mx/lib/./proc/32MX795F512L/crt0_mips32r2.o (_nmi_handler)
/opt/microchip/xc32/v1.31/bin/../lib/gcc/pic32mx/4.5.2/../../../../pic32mx/lib/libpic32.a(pic32_software_reset.o)
                              /opt/microchip/xc32/v1.31/bin/../lib/gcc/pic32mx/4.5.2/../../../../pic32mx/lib/libpic32.a(default-bootstrap-exception-handler.o) (__pic32_software_reset)
/opt/microchip/xc32/v1.31/bin/../lib/gcc/pic32mx/4.5.2/../../../../pic32mx/lib/libpic32.a(general-exception.o)
                              /opt/microchip/xc32/v1.31/bin/../lib/gcc/pic32mx/4.5.2/../../../../pic32mx/lib/./proc/32MX795F512L/crt0_mips32r2.o (_general_exception_context)
/opt/microchip/xc32/v1.31/bin/../lib/gcc/pic32mx/4.5.2/../../../../pic32mx/lib/libpic32.a(vector0.o)
                              /opt/microchip/xc32/v1.31/bin/../lib/gcc/pic32mx/4.5.2/../../../../pic32mx/lib/./proc/32MX795F512L/default_isr_vectors.o (__vector_dispatch_0)
/opt/microchip/xc32/v1.31/bin/../lib/gcc/pic32mx/4.5.2/../../../../pic32mx/lib/libpic32.a(vector1.o)
                              /opt/microchip/xc32/v1.31/bin/../lib/gcc/pic32mx/4.5.2/../../../../pic32mx/lib/./proc/32MX795F512L/default_isr_vectors.o (__vector_dispatch_1)
/opt/microchip/xc32/v1.31/bin/../lib/gcc/pic32mx/4.5.2/../../../../pic32mx/lib/libpic32.a(vector2.o)
                              /opt/microchip/xc32/v1.31/bin/../lib/gcc/pic32mx/4.5.2/../../../../pic32mx/lib/./proc/32MX795F512L/default_isr_vectors.o (__vector_dispatch_2)
/opt/microchip/xc32/v1.31/bin/../lib/gcc/pic32mx/4.5.2/../../../../pic32mx/lib/libpic32.a(vector3.o)
                              /opt/microchip/xc32/v1.31/bin/../lib/gcc/pic32mx/4.5.2/../../../../pic32mx/lib/./proc/32MX795F512L/default_isr_vectors.o (__vector_dispatch_3)
/opt/microchip/xc32/v1.31/bin/../lib/gcc/pic32mx/4.5.2/../../../../pic32mx/lib/libpic32.a(vector7.o)
                              /opt/microchip/xc32/v1.31/bin/../lib/gcc/pic32mx/4.5.2/../../../../pic32mx/lib/./proc/32MX795F512L/default_isr_vectors.o (__vector_dispatch_7)
/opt/microchip/xc32/v1.31/bin/../lib/gcc/pic32mx/4.5.2/../../../../pic32mx/lib/libpic32.a(vector11.o)
                              /opt/microchip/xc32/v1.31/bin/../lib/gcc/pic32mx/4.5.2/../../../../pic32mx/lib/./proc/32MX795F512L/default_isr_vectors.o (__vector_dispatch_11)
/opt/microchip/xc32/v1.31/bin/../lib/gcc/pic32mx/4.5.2/../../../../pic32mx/lib/libpic32.a(vector15.o)
                              /opt/microchip/xc32/v1.31/bin/../lib/gcc/pic32mx/4.5.2/../../../../pic32mx/lib/./proc/32MX795F512L/default_isr_vectors.o (__vector_dispatch_15)
/opt/microchip/xc32/v1.31/bin/../lib/gcc/pic32mx/4.5.2/../../../../pic32mx/lib/libpic32.a(vector16.o)
                              /opt/microchip/xc32/v1.31/bin/../lib/gcc/pic32mx/4.5.2/../../../../pic32mx/lib/./proc/32MX795F512L/default_isr_vectors.o (__vector_dispatch_16)
/opt/microchip/xc32/v1.31/bin/../lib/gcc/pic32mx/4.5.2/../../../../pic32mx/lib/libpic32.a(vector17.o)
                              /opt/microchip/xc32/v1.31/bin/../lib/gcc/pic32mx/4.5.2/../../../../pic32mx/lib/./proc/32MX795F512L/default_isr_vectors.o (__vector_dispatch_17)
/opt/microchip/xc32/v1.31/bin/../lib/gcc/pic32mx/4.5.2/../../../../pic32mx/lib/libpic32.a(vector19.o)
                              /opt/microchip/xc32/v1.31/bin/../lib/gcc/pic32mx/4.5.2/../../../../pic32mx/lib/./proc/32MX795F512L/default_isr_vectors.o (__vector_dispatch_19)
/opt/microchip/xc32/v1.31/bin/../lib/gcc/pic32mx/4.5.2/../../../../pic32mx/lib/libpic32.a(vector20.o)
                              /opt/microchip/xc32/v1.31/bin/../lib/gcc/pic32mx/4.5.2/../../../../pic32mx/lib/./proc/32MX795F512L/default_isr_vectors.o (__vector_dispatch_20)
/opt/microchip/xc32/v1.31/bin/../lib/gcc/pic32mx/4.5.2/../../../../pic32mx/lib/libpic32.a(vector21.o)
[...]
Memory Configuration

Name             Origin             Length             Attributes
kseg0_program_mem 0x9d000000         0x00080000         xr
kseg0_boot_mem   0x9fc00490         0x00000970
exception_mem    0x9fc01000         0x00001000
kseg1_boot_mem   0xbfc00000         0x00000490
debug_exec_mem   0xbfc02000         0x00000ff0
config3          0xbfc02ff0         0x00000004
config2          0xbfc02ff4         0x00000004
config1          0xbfc02ff8         0x00000004
config0          0xbfc02ffc         0x00000004
kseg1_data_mem   0xa0000000         0x00020000         w !x
sfrs             0xbf800000         0x00100000
configsfrs       0xbfc02ff0         0x00000010
*default*        0x00000000         0xffffffff

Linker script and memory map

LOAD /opt/microchip/xc32/v1.31/bin/../lib/gcc/pic32mx/4.5.2/../../../../pic32mx/lib/./proc/32MX795F512L/crt0_mips32r2.o
                0x00000001                _DEBUGGER = 0x1
LOAD build/default/debug/src/framework/hal/adc.o
LOAD build/default/debug/src/framework/hal/can.o
LOAD build/default/debug/src/framework/hal/eep.o
LOAD build/default/debug/src/framework/hal/ic.o
LOAD build/default/debug/src/framework/hal/int.o
LOAD build/default/debug/src/framework/hal/port.o
LOAD build/default/debug/src/framework/hal/pwm.o
LOAD build/default/debug/src/framework/hal/tmr.o
LOAD build/default/debug/src/framework/hal/uart.o
LOAD build/default/debug/src/framework/sal/dio/inch.o
LOAD build/default/debug/src/framework/sal/dio/outch.o
LOAD build/default/debug/src/framework/sal/rtos/rtos.o
LOAD build/default/debug/src/framework/sal/rtos/rtos_cfg.o
LOAD build/default/debug/src/framework/sal/sys/exc.o
LOAD build/default/debug/src/framework/sal/sys/main.o
LOAD build/default/debug/src/demo_app.o
                0x00000001                __MPLAB_BUILD = 0x1
                0x00000001                __MPLAB_DEBUG = 0x1
                0x00000001                __DEBUG = 0x1
                0x00000001                __MPLAB_DEBUGGER_PIC32MXSK = 0x1
LOAD /opt/microchip/xc32/v1.31/bin/../lib/gcc/pic32mx/4.5.2/../../../../pic32mx/lib/./proc/32MX795F512L/default_isr_vectors.o
                0x00000400                PROVIDE (_min_stack_size, 0x400)
LOAD /opt/microchip/xc32/v1.31/bin/../lib/gcc/pic32mx/4.5.2/../../../../pic32mx/lib/./proc/32MX795F512L/processor.o
START GROUP
LOAD /opt/microchip/xc32/v1.31/bin/../lib/gcc/pic32mx/4.5.2/../../../../pic32mx/lib/libmchp_peripheral.a
END GROUP
START GROUP
LOAD /opt/microchip/xc32/v1.31/bin/../lib/gcc/pic32mx/4.5.2/../../../../pic32mx/lib/libmchp_peripheral_32MX795F512L.a
END GROUP
                0x00000001                PROVIDE (_vector_spacing, 0x1)
                0x9fc01000                _ebase_address = 0x9fc01000
                0xbfc00000                _RESET_ADDR = 0xbfc00000
                0xbfc00380                _BEV_EXCPT_ADDR = 0xbfc00380
                0xbfc00480                _DBG_EXCPT_ADDR = 0xbfc00480
                0xbfc02000                _DBG_CODE_ADDR = 0xbfc02000
                0x00000ff0                _DBG_CODE_SIZE = 0xff0
                0x9fc01180                _GEN_EXCPT_ADDR = (_ebase_address + 0x180)

.config_BFC02FF0
                0xbfc02ff0        0x4
 *(.config_BFC02FF0)
 .config_BFC02FF0
                0xbfc02ff0        0x4 build/default/debug/src/framework/sal/sys/main.o

.config_BFC02FF4
                0xbfc02ff4        0x4
 *(.config_BFC02FF4)
 .config_BFC02FF4
                0xbfc02ff4        0x4 build/default/debug/src/framework/sal/sys/main.o

.config_BFC02FF8
                0xbfc02ff8        0x4
 *(.config_BFC02FF8)
 .config_BFC02FF8
                0xbfc02ff8        0x4 build/default/debug/src/framework/sal/sys/main.o

.config_BFC02FFC
                0xbfc02ffc        0x4
 *(.config_BFC02FFC)
 .config_BFC02FFC
                0xbfc02ffc        0x4 build/default/debug/src/framework/sal/sys/main.o
                0xbfc02000                PROVIDE (_DBG_CODE_ADDR, 0xbfc02000)
                0x00000ff0                PROVIDE (_DBG_CODE_SIZE, 0xff0)

.reset          0xbfc00000      0x1e8
 *(.reset)
 .reset         0xbfc00000      0x1e8 /opt/microchip/xc32/v1.31/bin/../lib/gcc/pic32mx/4.5.2/../../../../pic32mx/lib/./proc/32MX795F512L/crt0_mips32r2.o
                0xbfc00000                _reset
 *(.reset.startup)

.bev_excpt      0xbfc00380       0x10
 *(.bev_handler)
 .bev_handler   0xbfc00380       0x10 /opt/microchip/xc32/v1.31/bin/../lib/gcc/pic32mx/4.5.2/../../../../pic32mx/lib/./proc/32MX795F512L/crt0_mips32r2.o

.dbg_excpt      0xbfc00480        0x8
                0xbfc00480                . = (. + DEFINED (_DEBUGGER)?0x8:0x0)
 *fill*         0xbfc00480        0x8 

.dbg_code       0xbfc02000      0xff0
                0xbfc02000                . = (. + DEFINED (_DEBUGGER)?_DBG_CODE_SIZE:0x0)
 *fill*         0xbfc02000      0xff0 

.app_excpt      0x9fc01180       0x10
 *(.gen_handler)
 .gen_handler   0x9fc01180       0x10 /opt/microchip/xc32/v1.31/bin/../lib/gcc/pic32mx/4.5.2/../../../../pic32mx/lib/./proc/32MX795F512L/crt0_mips32r2.o

.vector_0       0x9fc01200        0x8
 *(.vector_0)
 .vector_0      0x9fc01200        0x8 /opt/microchip/xc32/v1.31/bin/../lib/gcc/pic32mx/4.5.2/../../../../pic32mx/lib/libpic32.a(vector0.o)
                0x9fc01200                __vector_dispatch_0
                0x00000001                ASSERT (((_vector_spacing == 0x0) || (SIZEOF (.vector_0) <= (_vector_spacing << 0x5))), function at exception vector 0 too large)

.vector_1       0x9fc01220        0x8
 *(.vector_1)
 .vector_1      0x9fc01220        0x8 /opt/microchip/xc32/v1.31/bin/../lib/gcc/pic32mx/4.5.2/../../../../pic32mx/lib/libpic32.a(vector1.o)
                0x9fc01220                __vector_dispatch_1
                0x00000001                ASSERT (((_vector_spacing == 0x0) || (SIZEOF (.vector_1) <= (_vector_spacing << 0x5))), function at exception vector 1 too large)

.vector_2       0x9fc01240        0x8
 *(.vector_2)
 .vector_2      0x9fc01240        0x8 /opt/microchip/xc32/v1.31/bin/../lib/gcc/pic32mx/4.5.2/../../../../pic32mx/lib/libpic32.a(vector2.o)
                0x9fc01240                __vector_dispatch_2
                0x00000001                ASSERT (((_vector_spacing == 0x0) || (SIZEOF (.vector_2) <= (_vector_spacing << 0x5))), function at exception vector 2 too large)

.vector_3       0x9fc01260        0x8
 *(.vector_3)
 .vector_3      0x9fc01260        0x8 /opt/microchip/xc32/v1.31/bin/../lib/gcc/pic32mx/4.5.2/../../../../pic32mx/lib/libpic32.a(vector3.o)
                0x9fc01260                __vector_dispatch_3
                0x00000001                ASSERT (((_vector_spacing == 0x0) || (SIZEOF (.vector_3) <= (_vector_spacing << 0x5))), function at exception vector 3 too large)

.vector_4       0x9fc01280        0x8
 *(.vector_4)
 .vector_4      0x9fc01280        0x8 build/default/debug/src/framework/hal/tmr.o
                0x9fc01280                __vector_dispatch_4
                0x00000001                ASSERT (((_vector_spacing == 0x0) || (SIZEOF (.vector_4) <= (_vector_spacing << 0x5))), function at exception vector 4 too large)

.vector_5       0x9fc012a0        0x8
 *(.vector_5)
 .vector_5      0x9fc012a0        0x8 build/default/debug/src/framework/hal/ic.o
                0x9fc012a0                __vector_dispatch_5
                0x00000001                ASSERT (((_vector_spacing == 0x0) || (SIZEOF (.vector_5) <= (_vector_spacing << 0x5))), function at exception vector 5 too large)

.vector_6       0x9fc012c0        0x8
 *(.vector_6)
 .vector_6      0x9fc012c0        0x8 build/default/debug/src/framework/hal/pwm.o
                0x9fc012c0                __vector_dispatch_6
                0x00000001                ASSERT (((_vector_spacing == 0x0) || (SIZEOF (.vector_6) <= (_vector_spacing << 0x5))), function at exception vector 6 too large)

.vector_7       0x9fc012e0        0x8
 *(.vector_7)
 .vector_7      0x9fc012e0        0x8 /opt/microchip/xc32/v1.31/bin/../lib/gcc/pic32mx/4.5.2/../../../../pic32mx/lib/libpic32.a(vector7.o)
                0x9fc012e0                __vector_dispatch_7
                0x00000001                ASSERT (((_vector_spacing == 0x0) || (SIZEOF (.vector_7) <= (_vector_spacing << 0x5))), function at exception vector 7 too large)

.vector_8       0x9fc01300        0x8
 *(.vector_8)
 .vector_8      0x9fc01300        0x8 build/default/debug/src/framework/hal/pwm.o
                0x9fc01300                __vector_dispatch_8
                0x00000001                ASSERT (((_vector_spacing == 0x0) || (SIZEOF (.vector_8) <= (_vector_spacing << 0x5))), function at exception vector 8 too large)

.vector_9       0x9fc01320        0x8
 *(.vector_9)
 .vector_9      0x9fc01320        0x8 build/default/debug/src/framework/hal/ic.o
                0x9fc01320                __vector_dispatch_9
                0x00000001                ASSERT (((_vector_spacing == 0x0) || (SIZEOF (.vector_9) <= (_vector_spacing << 0x5))), function at exception vector 9 too large)

.vector_10      0x9fc01340        0x8
 *(.vector_10)
 .vector_10     0x9fc01340        0x8 build/default/debug/src/framework/hal/pwm.o
                0x9fc01340                __vector_dispatch_10
                0x00000001                ASSERT (((_vector_spacing == 0x0) || (SIZEOF (.vector_10) <= (_vector_spacing << 0x5))), function at exception vector 10 too large)

.vector_11      0x9fc01360        0x8
 *(.vector_11)
 .vector_11     0x9fc01360        0x8 /opt/microchip/xc32/v1.31/bin/../lib/gcc/pic32mx/4.5.2/../../../../pic32mx/lib/libpic32.a(vector11.o)
                0x9fc01360                __vector_dispatch_11
                0x00000001                ASSERT (((_vector_spacing == 0x0) || (SIZEOF (.vector_11) <= (_vector_spacing << 0x5))), function at exception vector 11 too large)

.vector_12      0x9fc01380        0x8
 *(.vector_12)
 .vector_12     0x9fc01380        0x8 build/default/debug/src/framework/hal/adc.o
                0x9fc01380                __vector_dispatch_12
                0x00000001                ASSERT (((_vector_spacing == 0x0) || (SIZEOF (.vector_12) <= (_vector_spacing << 0x5))), function at exception vector 12 too large)

.vector_13      0x9fc013a0        0x8
 *(.vector_13)
 .vector_13     0x9fc013a0        0x8 build/default/debug/src/framework/hal/ic.o
                0x9fc013a0                __vector_dispatch_13
                0x00000001                ASSERT (((_vector_spacing == 0x0) || (SIZEOF (.vector_13) <= (_vector_spacing << 0x5))), function at exception vector 13 too large)

.vector_14      0x9fc013c0        0x8
 *(.vector_14)
 .vector_14     0x9fc013c0        0x8 build/default/debug/src/framework/hal/pwm.o
                0x9fc013c0                __vector_dispatch_14
                0x00000001                ASSERT (((_vector_spacing == 0x0) || (SIZEOF (.vector_14) <= (_vector_spacing << 0x5))), function at exception vector 14 too large)

.vector_15      0x9fc013e0        0x8
 *(.vector_15)
 .vector_15     0x9fc013e0        0x8 /opt/microchip/xc32/v1.31/bin/../lib/gcc/pic32mx/4.5.2/../../../../pic32mx/lib/libpic32.a(vector15.o)
                0x9fc013e0                __vector_dispatch_15
                0x00000001                ASSERT (((_vector_spacing == 0x0) || (SIZEOF (.vector_15) <= (_vector_spacing << 0x5))), function at exception vector 15 too large)

.vector_16      0x9fc01400        0x8
 *(.vector_16)
 .vector_16     0x9fc01400        0x8 /opt/microchip/xc32/v1.31/bin/../lib/gcc/pic32mx/4.5.2/../../../../pic32mx/lib/libpic32.a(vector16.o)
                0x9fc01400                __vector_dispatch_16
                0x00000001                ASSERT (((_vector_spacing == 0x0) || (SIZEOF (.vector_16) <= (_vector_spacing << 0x5))), function at exception vector 16 too large)

.vector_17      0x9fc01420        0x8
 *(.vector_17)
 .vector_17     0x9fc01420        0x8 /opt/microchip/xc32/v1.31/bin/../lib/gcc/pic32mx/4.5.2/../../../../pic32mx/lib/libpic32.a(vector17.o)
                0x9fc01420                __vector_dispatch_17
                0x00000001                ASSERT (((_vector_spacing == 0x0) || (SIZEOF (.vector_17) <= (_vector_spacing << 0x5))), function at exception vector 17 too large)

.vector_18      0x9fc01440        0x8
 *(.vector_18)
 .vector_18     0x9fc01440        0x8 build/default/debug/src/framework/hal/pwm.o
                0x9fc01440                __vector_dispatch_18
                0x00000001                ASSERT (((_vector_spacing == 0x0) || (SIZEOF (.vector_18) <= (_vector_spacing << 0x5))), function at exception vector 18 too large)

.vector_19      0x9fc01460        0x8
 *(.vector_19)
 .vector_19     0x9fc01460        0x8 /opt/microchip/xc32/v1.31/bin/../lib/gcc/pic32mx/4.5.2/../../../../pic32mx/lib/libpic32.a(vector19.o)
                0x9fc01460                __vector_dispatch_19
                0x00000001                ASSERT (((_vector_spacing == 0x0) || (SIZEOF (.vector_19) <= (_vector_spacing << 0x5))), function at exception vector 19 too large)

.vector_20      0x9fc01480        0x8
 *(.vector_20)
 .vector_20     0x9fc01480        0x8 /opt/microchip/xc32/v1.31/bin/../lib/gcc/pic32mx/4.5.2/../../../../pic32mx/lib/libpic32.a(vector20.o)
                0x9fc01480                __vector_dispatch_20
                0x00000001                ASSERT (((_vector_spacing == 0x0) || (SIZEOF (.vector_20) <= (_vector_spacing << 0x5))), function at exception vector 20 too large)

.vector_21      0x9fc014a0        0x8
 *(.vector_21)
 .vector_21     0x9fc014a0        0x8 /opt/microchip/xc32/v1.31/bin/../lib/gcc/pic32mx/4.5.2/../../../../pic32mx/lib/libpic32.a(vector21.o)
                0x9fc014a0                __vector_dispatch_21
                0x00000001                ASSERT (((_vector_spacing == 0x0) || (SIZEOF (.vector_21) <= (_vector_spacing << 0x5))), function at exception vector 21 too large)

.vector_22      0x9fc014c0        0x8
 *(.vector_22)
 .vector_22     0x9fc014c0        0x8 /opt/microchip/xc32/v1.31/bin/../lib/gcc/pic32mx/4.5.2/../../../../pic32mx/lib/libpic32.a(vector22.o)
                0x9fc014c0                __vector_dispatch_22
                0x00000001                ASSERT (((_vector_spacing == 0x0) || (SIZEOF (.vector_22) <= (_vector_spacing << 0x5))), function at exception vector 22 too large)

.vector_23      0x9fc014e0        0x8
 *(.vector_23)
 .vector_23     0x9fc014e0        0x8 /opt/microchip/xc32/v1.31/bin/../lib/gcc/pic32mx/4.5.2/../../../../pic32mx/lib/libpic32.a(vector23.o)
                0x9fc014e0                __vector_dispatch_23
                0x00000001                ASSERT (((_vector_spacing == 0x0) || (SIZEOF (.vector_23) <= (_vector_spacing << 0x5))), function at exception vector 23 too large)

.vector_24      0x9fc01500        0x8
 *(.vector_24)
 .vector_24     0x9fc01500        0x8 build/default/debug/src/framework/hal/uart.o
                0x9fc01500                __vector_dispatch_24
                0x00000001                ASSERT (((_vector_spacing == 0x0) || (SIZEOF (.vector_24) <= (_vector_spacing << 0x5))), function at exception vector 24 too large)

.vector_25      0x9fc01520        0x8
 *(.vector_25)
 .vector_25     0x9fc01520        0x8 build/default/debug/src/framework/hal/eep.o
                0x9fc01520                __vector_dispatch_25
                0x00000001                ASSERT (((_vector_spacing == 0x0) || (SIZEOF (.vector_25) <= (_vector_spacing << 0x5))), function at exception vector 25 too large)

.vector_26      0x9fc01540        0x8
 *(.vector_26)
 .vector_26     0x9fc01540        0x8 /opt/microchip/xc32/v1.31/bin/../lib/gcc/pic32mx/4.5.2/../../../../pic32mx/lib/libpic32.a(vector26.o)
                0x9fc01540                __vector_dispatch_26
                0x00000001                ASSERT (((_vector_spacing == 0x0) || (SIZEOF (.vector_26) <= (_vector_spacing << 0x5))), function at exception vector 26 too large)

.vector_27      0x9fc01560        0x8
 *(.vector_27)
 .vector_27     0x9fc01560        0x8 build/default/debug/src/framework/hal/adc.o
                0x9fc01560                __vector_dispatch_27
                0x00000001                ASSERT (((_vector_spacing == 0x0) || (SIZEOF (.vector_27) <= (_vector_spacing << 0x5))), function at exception vector 27 too large)

.vector_28      0x9fc01580        0x8
 *(.vector_28)
 .vector_28     0x9fc01580        0x8 /opt/microchip/xc32/v1.31/bin/../lib/gcc/pic32mx/4.5.2/../../../../pic32mx/lib/libpic32.a(vector28.o)
                0x9fc01580                __vector_dispatch_28
                0x00000001                ASSERT (((_vector_spacing == 0x0) || (SIZEOF (.vector_28) <= (_vector_spacing << 0x5))), function at exception vector 28 too large)

.vector_29      0x9fc015a0        0x8
 *(.vector_29)
 .vector_29     0x9fc015a0        0x8 /opt/microchip/xc32/v1.31/bin/../lib/gcc/pic32mx/4.5.2/../../../../pic32mx/lib/libpic32.a(vector29.o)
                0x9fc015a0                __vector_dispatch_29
                0x00000001                ASSERT (((_vector_spacing == 0x0) || (SIZEOF (.vector_29) <= (_vector_spacing << 0x5))), function at exception vector 29 too large)

.vector_30      0x9fc015c0        0x8
 *(.vector_30)
 .vector_30     0x9fc015c0        0x8 /opt/microchip/xc32/v1.31/bin/../lib/gcc/pic32mx/4.5.2/../../../../pic32mx/lib/libpic32.a(vector30.o)
                0x9fc015c0                __vector_dispatch_30
                0x00000001                ASSERT (((_vector_spacing == 0x0) || (SIZEOF (.vector_30) <= (_vector_spacing << 0x5))), function at exception vector 30 too large)

.vector_31      0x9fc015e0        0x8
 *(.vector_31)
 .vector_31     0x9fc015e0        0x8 /opt/microchip/xc32/v1.31/bin/../lib/gcc/pic32mx/4.5.2/../../../../pic32mx/lib/libpic32.a(vector31.o)
                0x9fc015e0                __vector_dispatch_31
                0x00000001                ASSERT (((_vector_spacing == 0x0) || (SIZEOF (.vector_31) <= (_vector_spacing << 0x5))), function at exception vector 31 too large)

.vector_32      0x9fc01600        0x8
 *(.vector_32)
 .vector_32     0x9fc01600        0x8 /opt/microchip/xc32/v1.31/bin/../lib/gcc/pic32mx/4.5.2/../../../../pic32mx/lib/libpic32.a(vector32.o)
                0x9fc01600                __vector_dispatch_32
                0x00000001                ASSERT (((_vector_spacing == 0x0) || (SIZEOF (.vector_32) <= (_vector_spacing << 0x5))), function at exception vector 32 too large)

.vector_33      0x9fc01620        0x8
 *(.vector_33)
 .vector_33     0x9fc01620        0x8 /opt/microchip/xc32/v1.31/bin/../lib/gcc/pic32mx/4.5.2/../../../../pic32mx/lib/libpic32.a(vector33.o)
                0x9fc01620                __vector_dispatch_33
                0x00000001                ASSERT (((_vector_spacing == 0x0) || (SIZEOF (.vector_33) <= (_vector_spacing << 0x5))), function at exception vector 33 too large)

.vector_34      0x9fc01640        0x8
 *(.vector_34)
 .vector_34     0x9fc01640        0x8 /opt/microchip/xc32/v1.31/bin/../lib/gcc/pic32mx/4.5.2/../../../../pic32mx/lib/libpic32.a(vector34.o)
                0x9fc01640                __vector_dispatch_34
                0x00000001                ASSERT (((_vector_spacing == 0x0) || (SIZEOF (.vector_34) <= (_vector_spacing << 0x5))), function at exception vector 34 too large)

.vector_35      0x9fc01660        0x8
 *(.vector_35)
 .vector_35     0x9fc01660        0x8 /opt/microchip/xc32/v1.31/bin/../lib/gcc/pic32mx/4.5.2/../../../../pic32mx/lib/libpic32.a(vector35.o)
                0x9fc01660                __vector_dispatch_35
                0x00000001                ASSERT (((_vector_spacing == 0x0) || (SIZEOF (.vector_35) <= (_vector_spacing << 0x5))), function at exception vector 35 too large)

.vector_36      0x9fc01680        0x8
 *(.vector_36)
 .vector_36     0x9fc01680        0x8 /opt/microchip/xc32/v1.31/bin/../lib/gcc/pic32mx/4.5.2/../../../../pic32mx/lib/libpic32.a(vector36.o)
                0x9fc01680                __vector_dispatch_36
                0x00000001                ASSERT (((_vector_spacing == 0x0) || (SIZEOF (.vector_36) <= (_vector_spacing << 0x5))), function at exception vector 36 too large)

.vector_37      0x9fc016a0        0x8
 *(.vector_37)
 .vector_37     0x9fc016a0        0x8 build/default/debug/src/framework/hal/uart.o
                0x9fc016a0                __vector_dispatch_37
                0x00000001                ASSERT (((_vector_spacing == 0x0) || (SIZEOF (.vector_37) <= (_vector_spacing << 0x5))), function at exception vector 37 too large)

.vector_38      0x9fc016c0        0x8
 *(.vector_38)
 .vector_38     0x9fc016c0        0x8 build/default/debug/src/framework/hal/uart.o
                0x9fc016c0                __vector_dispatch_38
                0x00000001                ASSERT (((_vector_spacing == 0x0) || (SIZEOF (.vector_38) <= (_vector_spacing << 0x5))), function at exception vector 38 too large)

.vector_39      0x9fc016e0        0x8
 *(.vector_39)
 .vector_39     0x9fc016e0        0x8 /opt/microchip/xc32/v1.31/bin/../lib/gcc/pic32mx/4.5.2/../../../../pic32mx/lib/libpic32.a(vector39.o)
                0x9fc016e0                __vector_dispatch_39
                0x00000001                ASSERT (((_vector_spacing == 0x0) || (SIZEOF (.vector_39) <= (_vector_spacing << 0x5))), function at exception vector 39 too large)

.vector_40      0x9fc01700        0x8
 *(.vector_40)
 .vector_40     0x9fc01700        0x8 /opt/microchip/xc32/v1.31/bin/../lib/gcc/pic32mx/4.5.2/../../../../pic32mx/lib/libpic32.a(vector40.o)
                0x9fc01700                __vector_dispatch_40
                0x00000001                ASSERT (((_vector_spacing == 0x0) || (SIZEOF (.vector_40) <= (_vector_spacing << 0x5))), function at exception vector 40 too large)

.vector_41      0x9fc01720        0x8
 *(.vector_41)
 .vector_41     0x9fc01720        0x8 /opt/microchip/xc32/v1.31/bin/../lib/gcc/pic32mx/4.5.2/../../../../pic32mx/lib/libpic32.a(vector41.o)
                0x9fc01720                __vector_dispatch_41
                0x00000001                ASSERT (((_vector_spacing == 0x0) || (SIZEOF (.vector_41) <= (_vector_spacing << 0x5))), function at exception vector 41 too large)

.vector_42      0x9fc01740        0x8
 *(.vector_42)
 .vector_42     0x9fc01740        0x8 /opt/microchip/xc32/v1.31/bin/../lib/gcc/pic32mx/4.5.2/../../../../pic32mx/lib/libpic32.a(vector42.o)
                0x9fc01740                __vector_dispatch_42
                0x00000001                ASSERT (((_vector_spacing == 0x0) || (SIZEOF (.vector_42) <= (_vector_spacing << 0x5))), function at exception vector 42 too large)

.vector_43      0x9fc01760        0x8
 *(.vector_43)
 .vector_43     0x9fc01760        0x8 /opt/microchip/xc32/v1.31/bin/../lib/gcc/pic32mx/4.5.2/../../../../pic32mx/lib/libpic32.a(vector43.o)
                0x9fc01760                __vector_dispatch_43
                0x00000001                ASSERT (((_vector_spacing == 0x0) || (SIZEOF (.vector_43) <= (_vector_spacing << 0x5))), function at exception vector 43 too large)

.vector_44      0x9fc01780        0x8
 *(.vector_44)
 .vector_44     0x9fc01780        0x8 /opt/microchip/xc32/v1.31/bin/../lib/gcc/pic32mx/4.5.2/../../../../pic32mx/lib/libpic32.a(vector44.o)
                0x9fc01780                __vector_dispatch_44
                0x00000001                ASSERT (((_vector_spacing == 0x0) || (SIZEOF (.vector_44) <= (_vector_spacing << 0x5))), function at exception vector 44 too large)

.vector_45      0x9fc017a0        0x8
 *(.vector_45)
 .vector_45     0x9fc017a0        0x8 /opt/microchip/xc32/v1.31/bin/../lib/gcc/pic32mx/4.5.2/../../../../pic32mx/lib/libpic32.a(vector45.o)
                0x9fc017a0                __vector_dispatch_45
                0x00000001                ASSERT (((_vector_spacing == 0x0) || (SIZEOF (.vector_45) <= (_vector_spacing << 0x5))), function at exception vector 45 too large)

.vector_46      0x9fc017c0        0x8
 *(.vector_46)
 .vector_46     0x9fc017c0        0x8 /opt/microchip/xc32/v1.31/bin/../lib/gcc/pic32mx/4.5.2/../../../../pic32mx/lib/libpic32.a(vector46.o)
                0x9fc017c0                __vector_dispatch_46
                0x00000001                ASSERT (((_vector_spacing == 0x0) || (SIZEOF (.vector_46) <= (_vector_spacing << 0x5))), function at exception vector 46 too large)

.vector_47      0x9fc017e0        0x8
 *(.vector_47)
 .vector_47     0x9fc017e0        0x8 /opt/microchip/xc32/v1.31/bin/../lib/gcc/pic32mx/4.5.2/../../../../pic32mx/lib/libpic32.a(vector47.o)
                0x9fc017e0                __vector_dispatch_47
                0x00000001                ASSERT (((_vector_spacing == 0x0) || (SIZEOF (.vector_47) <= (_vector_spacing << 0x5))), function at exception vector 47 too large)

.vector_48      0x9fc01800        0x8
 *(.vector_48)
 .vector_48     0x9fc01800        0x8 /opt/microchip/xc32/v1.31/bin/../lib/gcc/pic32mx/4.5.2/../../../../pic32mx/lib/libpic32.a(vector48.o)
                0x9fc01800                __vector_dispatch_48
                0x00000001                ASSERT (((_vector_spacing == 0x0) || (SIZEOF (.vector_48) <= (_vector_spacing << 0x5))), function at exception vector 48 too large)

.vector_49      0x9fc01820        0x8
 *(.vector_49)
 .vector_49     0x9fc01820        0x8 /opt/microchip/xc32/v1.31/bin/../lib/gcc/pic32mx/4.5.2/../../../../pic32mx/lib/libpic32.a(vector49.o)
                0x9fc01820                __vector_dispatch_49
                0x00000001                ASSERT (((_vector_spacing == 0x0) || (SIZEOF (.vector_49) <= (_vector_spacing << 0x5))), function at exception vector 49 too large)

.vector_50      0x9fc01840        0x8
 *(.vector_50)
 .vector_50     0x9fc01840        0x8 /opt/microchip/xc32/v1.31/bin/../lib/gcc/pic32mx/4.5.2/../../../../pic32mx/lib/libpic32.a(vector50.o)
                0x9fc01840                __vector_dispatch_50
                0x00000001                ASSERT (((_vector_spacing == 0x0) || (SIZEOF (.vector_50) <= (_vector_spacing << 0x5))), function at exception vector 50 too large)

.vector_51      0x9fc01860        0x8
 *(.vector_51)
 .vector_51     0x9fc01860        0x8 /opt/microchip/xc32/v1.31/bin/../lib/gcc/pic32mx/4.5.2/../../../../pic32mx/lib/libpic32.a(vector51.o)
                0x9fc01860                __vector_dispatch_51
                0x00000001                ASSERT (((_vector_spacing == 0x0) || (SIZEOF (.vector_51) <= (_vector_spacing << 0x5))), function at exception vector 51 too large)

.vector_52      0x9fc01880        0x8
 *(.vector_52)
 .vector_52     0x9fc01880        0x8 /opt/microchip/xc32/v1.31/bin/../lib/gcc/pic32mx/4.5.2/../../../../pic32mx/lib/libpic32.a(vector52.o)
                0x9fc01880                __vector_dispatch_52
                0x00000001                ASSERT (((_vector_spacing == 0x0) || (SIZEOF (.vector_52) <= (_vector_spacing << 0x5))), function at exception vector 52 too large)

.vector_53      0x9fc018a0        0x8
 *(.vector_53)
 .vector_53     0x9fc018a0        0x8 /opt/microchip/xc32/v1.31/bin/../lib/gcc/pic32mx/4.5.2/../../../../pic32mx/lib/libpic32.a(vector53.o)
                0x9fc018a0                __vector_dispatch_53
                0x00000001                ASSERT (((_vector_spacing == 0x0) || (SIZEOF (.vector_53) <= (_vector_spacing << 0x5))), function at exception vector 53 too large)

.vector_54      0x9fc018c0        0x8
 *(.vector_54)
 .vector_54     0x9fc018c0        0x8 /opt/microchip/xc32/v1.31/bin/../lib/gcc/pic32mx/4.5.2/../../../../pic32mx/lib/libpic32.a(vector54.o)
                0x9fc018c0                __vector_dispatch_54
                0x00000001                ASSERT (((_vector_spacing == 0x0) || (SIZEOF (.vector_54) <= (_vector_spacing << 0x5))), function at exception vector 54 too large)

.vector_55      0x9fc018e0        0x8
 *(.vector_55)
 .vector_55     0x9fc018e0        0x8 /opt/microchip/xc32/v1.31/bin/../lib/gcc/pic32mx/4.5.2/../../../../pic32mx/lib/libpic32.a(vector55.o)
                0x9fc018e0                __vector_dispatch_55
                0x00000001                ASSERT (((_vector_spacing == 0x0) || (SIZEOF (.vector_55) <= (_vector_spacing << 0x5))), function at exception vector 55 too large)

.vector_56      0x9fc01900        0x8
 *(.vector_56)
 .vector_56     0x9fc01900        0x8 /opt/microchip/xc32/v1.31/bin/../lib/gcc/pic32mx/4.5.2/../../../../pic32mx/lib/libpic32.a(vector56.o)
                0x9fc01900                __vector_dispatch_56
                0x00000001                ASSERT (((_vector_spacing == 0x0) || (SIZEOF (.vector_56) <= (_vector_spacing << 0x5))), function at exception vector 56 too large)

.vector_57      0x9fc01920        0x8
 *(.vector_57)
 .vector_57     0x9fc01920        0x8 /opt/microchip/xc32/v1.31/bin/../lib/gcc/pic32mx/4.5.2/../../../../pic32mx/lib/libpic32.a(vector57.o)
                0x9fc01920                __vector_dispatch_57
                0x00000001                ASSERT (((_vector_spacing == 0x0) || (SIZEOF (.vector_57) <= (_vector_spacing << 0x5))), function at exception vector 57 too large)

.vector_58      0x9fc01940        0x8
 *(.vector_58)
 .vector_58     0x9fc01940        0x8 /opt/microchip/xc32/v1.31/bin/../lib/gcc/pic32mx/4.5.2/../../../../pic32mx/lib/libpic32.a(vector58.o)
                0x9fc01940                __vector_dispatch_58
                0x00000001                ASSERT (((_vector_spacing == 0x0) || (SIZEOF (.vector_58) <= (_vector_spacing << 0x5))), function at exception vector 58 too large)

.vector_59      0x9fc01960        0x8
 *(.vector_59)
 .vector_59     0x9fc01960        0x8 /opt/microchip/xc32/v1.31/bin/../lib/gcc/pic32mx/4.5.2/../../../../pic32mx/lib/libpic32.a(vector59.o)
                0x9fc01960                __vector_dispatch_59
                0x00000001                ASSERT (((_vector_spacing == 0x0) || (SIZEOF (.vector_59) <= (_vector_spacing << 0x5))), function at exception vector 59 too large)

.vector_60      0x9fc01980        0x8
 *(.vector_60)
 .vector_60     0x9fc01980        0x8 /opt/microchip/xc32/v1.31/bin/../lib/gcc/pic32mx/4.5.2/../../../../pic32mx/lib/libpic32.a(vector60.o)
                0x9fc01980                __vector_dispatch_60
                0x00000001                ASSERT (((_vector_spacing == 0x0) || (SIZEOF (.vector_60) <= (_vector_spacing << 0x5))), function at exception vector 60 too large)

.vector_61      0x9fc019a0        0x8
 *(.vector_61)
 .vector_61     0x9fc019a0        0x8 /opt/microchip/xc32/v1.31/bin/../lib/gcc/pic32mx/4.5.2/../../../../pic32mx/lib/libpic32.a(vector61.o)
                0x9fc019a0                __vector_dispatch_61
                0x00000001                ASSERT (((_vector_spacing == 0x0) || (SIZEOF (.vector_61) <= (_vector_spacing << 0x5))), function at exception vector 61 too large)

.vector_62      0x9fc019c0        0x8
 *(.vector_62)
 .vector_62     0x9fc019c0        0x8 /opt/microchip/xc32/v1.31/bin/../lib/gcc/pic32mx/4.5.2/../../../../pic32mx/lib/libpic32.a(vector62.o)
                0x9fc019c0                __vector_dispatch_62
                0x00000001                ASSERT (((_vector_spacing == 0x0) || (SIZEOF (.vector_62) <= (_vector_spacing << 0x5))), function at exception vector 62 too large)

.vector_63      0x9fc019e0        0x8
 *(.vector_63)
 .vector_63     0x9fc019e0        0x8 /opt/microchip/xc32/v1.31/bin/../lib/gcc/pic32mx/4.5.2/../../../../pic32mx/lib/libpic32.a(vector63.o)
                0x9fc019e0                __vector_dispatch_63
                0x00000001                ASSERT (((_vector_spacing == 0x0) || (SIZEOF (.vector_63) <= (_vector_spacing << 0x5))), function at exception vector 63 too large)

.startup
 *(.startup)

.text           0x9d000000        0x0
 *(.stub .gnu.linkonce.t.*)
 *(.text.*personality*)
 *(.mips16.fn.*)
 *(.mips16.call.*)
 *(.gnu.warning)
                0x9d000000                . = ALIGN (0x4)

.init           0x9d000000        0x0
 *crti.o(.init)
 *crtbegin.o(.init)
 *(EXCLUDE_FILE(*crtn.o *crtend?.o *crtend.o) .init)
 *crtend.o(.init)
 *crtn.o(.init)
                0x9d000000                . = ALIGN (0x4)

.fini           0x9d000000        0x0
 *(.fini)
                0x9d000000                . = ALIGN (0x4)

.preinit_array  0x9d000000        0x0
                0x9d000000                PROVIDE (__preinit_array_start, .)
 *(.preinit_array)
                0x9d000000                PROVIDE (__preinit_array_end, .)
                0x9d000000                . = ALIGN (0x4)

.init_array     0x9d000000        0x0
                0x9d000000                PROVIDE (__init_array_start, .)
 *(SORT(.init_array.*))
 *(.init_array)
                0x9d000000                PROVIDE (__init_array_end, .)
                0x9d000000                . = ALIGN (0x4)

.fini_array     0x9d000000        0x0
                0x9d000000                PROVIDE (__fini_array_start, .)
 *(SORT(.fini_array.*))
 *(.fini_array)
                0x9d000000                PROVIDE (__fini_array_end, .)
                0x9d000000                . = ALIGN (0x4)

.ctors          0x9d000000        0x0
 *crtbegin.o(.ctors)
 *crtbegin?.o(.ctors)
 *(EXCLUDE_FILE(*crtend?.o *crtend.o) .ctors)
 *(SORT(.ctors.*))
 *(.ctors)
                0x9d000000                . = ALIGN (0x4)

.dtors          0x9d000000        0x0
 *crtbegin.o(.dtors)
 *crtbegin?.o(.dtors)
 *(EXCLUDE_FILE(*crtend?.o *crtend.o) .dtors)
 *(SORT(.dtors.*))
 *(.dtors)
                0x9d000000                . = ALIGN (0x4)

.rodata         0x9d000000        0x0
 *(.gnu.linkonce.r.*)
 *(.rodata1)
                0x9d000000                . = ALIGN (0x4)

.sdata2         0x9fc00490        0x0
 *(.sdata2 .sdata2.* .gnu.linkonce.s2.*)
                0x9fc00490                . = ALIGN (0x4)

.sbss2          0x9fc00490        0x0
 *(.sbss2 .sbss2.* .gnu.linkonce.sb2.*)
                0x9fc00490                . = ALIGN (0x4)

.eh_frame_hdr
 *(.eh_frame_hdr)
                0x9fc00490                . = ALIGN (0x4)

.eh_frame
 *(.eh_frame)
                0x9fc00490                . = ALIGN (0x4)

.gcc_except_table
 *(.gcc_except_table .gcc_except_table.*)
                0x9fc00490                . = ALIGN (0x4)

.dbg_data       0xa0000000      0x200
                0xa0000000                . = (. + DEFINED (_DEBUGGER)?0x200:0x0)
 *fill*         0xa0000000      0x200 

.jcr            0xa0000200        0x0
 *(.jcr)
                0xa0000200                . = ALIGN (0x4)

.eh_frame
 *(.eh_frame)
                0xa0000200                . = ALIGN (0x4)

.gcc_except_table
 *(.gcc_except_table .gcc_except_table.*)
                0xa0000200                . = ALIGN (0x4)

.persist        0xa0000200        0x0
                0xa0000200                _persist_begin = .
 *(.persist .persist.*)
 *(.pbss .pbss.*)
                0xa0000200                . = ALIGN (0x4)
                0xa0000200                _persist_end = .

.data           0xa0000200        0x0
 *(.gnu.linkonce.d.*)
 *(.data1)
                0xa0000200                . = ALIGN (0x4)
                0xa0000200                . = .
                0xa00081f0                _gp = (ALIGN (0x10) + 0x7ff0)

.got            0xa0000200        0x0
 *(.got.plt)
 *(.got)
                0xa0000200                . = ALIGN (0x4)

.sdata          0xa0000200        0x8
                0xa0000200                _sdata_begin = .
 *(.sdata .sdata.* .gnu.linkonce.s.*)
 .sdata         0xa0000200        0x8 build/default/debug/src/framework/sal/dio/outch.o
                0xa0000208                . = ALIGN (0x4)
                0xa0000208                _sdata_end = .

.lit8
 *(.lit8)

.lit4
 *(.lit4)
                0xa0000208                . = ALIGN (0x4)
                0xa0000208                _data_end = .
                0xa0000208                _bss_begin = .

.sbss           0xa0000208       0x68
                0xa0000208                _sbss_begin = .
 *(.dynsbss)
 *(.sbss .sbss.* .gnu.linkonce.sb.*)
 .sbss          0xa0000208       0x10 build/default/debug/src/framework/hal/adc.o
 .sbss          0xa0000218       0x14 build/default/debug/src/framework/hal/eep.o
 .sbss          0xa000022c        0xc build/default/debug/src/framework/hal/ic.o
 .sbss          0xa0000238        0x4 build/default/debug/src/framework/hal/pwm.o
 .sbss          0xa000023c        0x6 build/default/debug/src/framework/hal/uart.o
 .sbss          0xa0000242        0x4 build/default/debug/src/framework/sal/dio/inch.o
 .sbss          0xa0000246        0xa build/default/debug/src/framework/sal/dio/outch.o
 .sbss          0xa0000250       0x14 build/default/debug/src/framework/sal/rtos/rtos.o
 .sbss          0xa0000264        0x8 build/default/debug/src/framework/sal/sys/exc.o
 *(.scommon)
 .scommon       0xa000026c        0x4 build/default/debug/src/framework/hal/eep.o
                0xa000026c                EEP_eEepromState
                0xa0000270                _sbss_end = .
                0xa0000270                . = ALIGN (0x4)

.bss            0xa0000270      0x450
 *(.dynbss)
 *(COMMON)
 COMMON         0xa0000270       0x10 build/default/debug/src/framework/hal/adc.o
                0xa0000270                ADC_aui32ResultsBuffer
 COMMON         0xa0000280       0x40 build/default/debug/src/framework/hal/eep.o
                0xa0000280                EEP_aucEepromTXBuffer
                0xa00002a0                EEP_aucEepromRXBuffer
 COMMON         0xa00002c0      0x400 build/default/debug/src/framework/hal/uart.o
                0xa00002c0                UART_TxFIFOBuffer
                0xa00004c0                UART_RxFIFOBuffer
                0xa00006c0                . = ALIGN ((. != 0x0)?0x4:0x1)
                0xa00006c0                . = ALIGN (0x4)
                0xa00006c0                _end = .
                0xa00006c0                _bss_end = .
                0x00020000                _bmxdudba_address = 0x20000
                0x00020000                _bmxdupba_address = 0x20000

/DISCARD/
 *(.pdr)
 *(.rel.dyn)
 *(.note.GNU-stack)
 *(.note.GNU-stack)
 *(.gnu_debuglink)
 *(.gnu.lto_*)
 *(.discard)

.gptab.sdata
 *(.gptab.data)
 *(.gptab.sdata)

.gptab.sbss
 *(.gptab.bss)
 *(.gptab.sbss)

.mdebug.abi32   0xa00006c0        0x0
 *(.mdebug.abi32)
 .mdebug.abi32  0xa00006c0        0x0 build/default/debug/src/framework/hal/adc.o
 .mdebug.abi32  0xa00006c0        0x0 build/default/debug/src/framework/hal/can.o
 .mdebug.abi32  0xa00006c0        0x0 build/default/debug/src/framework/hal/eep.o
 .mdebug.abi32  0xa00006c0        0x0 build/default/debug/src/framework/hal/ic.o
 .mdebug.abi32  0xa00006c0        0x0 build/default/debug/src/framework/hal/int.o
 .mdebug.abi32  0xa00006c0        0x0 build/default/debug/src/framework/hal/port.o
 .mdebug.abi32  0xa00006c0        0x0 build/default/debug/src/framework/hal/pwm.o
 .mdebug.abi32  0xa00006c0        0x0 build/default/debug/src/framework/hal/tmr.o
 .mdebug.abi32  0xa00006c0        0x0 build/default/debug/src/framework/hal/uart.o
 .mdebug.abi32  0xa00006c0        0x0 build/default/debug/src/framework/sal/dio/inch.o
 .mdebug.abi32  0xa00006c0        0x0 build/default/debug/src/framework/sal/dio/outch.o
 .mdebug.abi32  0xa00006c0        0x0 build/default/debug/src/framework/sal/rtos/rtos.o
 .mdebug.abi32  0xa00006c0        0x0 build/default/debug/src/framework/sal/rtos/rtos_cfg.o
 .mdebug.abi32  0xa00006c0        0x0 build/default/debug/src/framework/sal/sys/exc.o
 .mdebug.abi32  0xa00006c0        0x0 build/default/debug/src/framework/sal/sys/main.o
 .mdebug.abi32  0xa00006c0        0x0 build/default/debug/src/demo_app.o
 .mdebug.abi32  0xa00006c0        0x0 /opt/microchip/xc32/v1.31/bin/../lib/gcc/pic32mx/4.5.2/../../../../pic32mx/lib/libpic32.a(default-bootstrap-exception-handler.o)
 .mdebug.abi32  0xa00006c0        0x0 /opt/microchip/xc32/v1.31/bin/../lib/gcc/pic32mx/4.5.2/../../../../pic32mx/lib/libpic32.a(default-on-reset.o)
 .mdebug.abi32  0xa00006c0        0x0 /opt/microchip/xc32/v1.31/bin/../lib/gcc/pic32mx/4.5.2/../../../../pic32mx/lib/libpic32.a(default-on-bootstrap.o)
 .mdebug.abi32  0xa00006c0        0x0 /opt/microchip/xc32/v1.31/bin/../lib/gcc/pic32mx/4.5.2/../../../../pic32mx/lib/libpic32.a(defaultinterrupt.o)
 .mdebug.abi32  0xa00006c0        0x0 /opt/microchip/xc32/v1.31/bin/../lib/gcc/pic32mx/4.5.2/../../../../pic32mx/lib/software-debug-break.o

.mdebug.abiN32
 *(.mdebug.abiN32)

.mdebug.abi64
 *(.mdebug.abi64)

.mdebug.abiO64
 *(.mdebug.abiO64)

.mdebug.eabi32
 *(.mdebug.eabi32)

.mdebug.eabi64
 *(.mdebug.eabi64)

.gcc_compiled_long32
 *(.gcc_compiled_long32)

.gcc_compiled_long64
 *(.gcc_compiled_long64)

.stab
 *(.stab)

.stabstr
 *(.stabstr)

.stab.excl
 *(.stab.excl)

.stab.exclstr
 *(.stab.exclstr)

.stab.index
 *(.stab.index)

.stab.indexstr
 *(.stab.indexstr)

.comment        0x00000000       0x78
 *(.comment)
 .comment       0x00000000       0x3c build/default/debug/src/framework/hal/adc.o
                                 0x3d (size before relaxing)
 .comment       0x00000000       0x3d build/default/debug/src/framework/hal/can.o
 .comment       0x00000000       0x3d build/default/debug/src/framework/hal/eep.o
 .comment       0x00000000       0x3d build/default/debug/src/framework/hal/ic.o
 .comment       0x00000000       0x3d build/default/debug/src/framework/hal/int.o
 .comment       0x00000000       0x3d build/default/debug/src/framework/hal/port.o
 .comment       0x00000000       0x3d build/default/debug/src/framework/hal/pwm.o
 .comment       0x00000000       0x3d build/default/debug/src/framework/hal/tmr.o
 .comment       0x00000000       0x3d build/default/debug/src/framework/hal/uart.o
 .comment       0x00000000       0x3d build/default/debug/src/framework/sal/dio/inch.o
 .comment       0x00000000       0x3d build/default/debug/src/framework/sal/dio/outch.o
 .comment       0x00000000       0x3d build/default/debug/src/framework/sal/rtos/rtos.o
 .comment       0x00000000       0x3d build/default/debug/src/framework/sal/rtos/rtos_cfg.o
 .comment       0x00000000       0x3d build/default/debug/src/framework/sal/sys/exc.o
 .comment       0x00000000       0x3d build/default/debug/src/framework/sal/sys/main.o
 .comment       0x00000000       0x3d build/default/debug/src/demo_app.o
 .comment       0x0000003c       0x3c /opt/microchip/xc32/v1.31/bin/../lib/gcc/pic32mx/4.5.2/../../../../pic32mx/lib/libpic32.a(default-bootstrap-exception-handler.o)
                                 0x3d (size before relaxing)
 .comment       0x00000000       0x3d /opt/microchip/xc32/v1.31/bin/../lib/gcc/pic32mx/4.5.2/../../../../pic32mx/lib/libpic32.a(default-on-reset.o)
 .comment       0x00000000       0x3d /opt/microchip/xc32/v1.31/bin/../lib/gcc/pic32mx/4.5.2/../../../../pic32mx/lib/libpic32.a(default-on-bootstrap.o)
 .comment       0x00000000       0x3d /opt/microchip/xc32/v1.31/bin/../lib/gcc/pic32mx/4.5.2/../../../../pic32mx/lib/libpic32.a(defaultinterrupt.o)
 .comment       0x00000000       0x3d /opt/microchip/xc32/v1.31/bin/../lib/gcc/pic32mx/4.5.2/../../../../pic32mx/lib/software-debug-break.o

.debug
 *(.debug)

.line
 *(.line)

.debug_srcinfo
 *(.debug_srcinfo)

.debug_sfnames
 *(.debug_sfnames)

.debug_aranges  0x00000000      0x280
 *(.debug_aranges)
 .debug_aranges
                0x00000000       0x20 build/default/debug/src/framework/hal/adc.o
 .debug_aranges
                0x00000020       0x20 build/default/debug/src/framework/hal/can.o
 .debug_aranges
                0x00000040       0x20 build/default/debug/src/framework/hal/eep.o
 .debug_aranges
                0x00000060       0x20 build/default/debug/src/framework/hal/ic.o
 .debug_aranges
                0x00000080       0x20 build/default/debug/src/framework/hal/int.o
 .debug_aranges
                0x000000a0       0x20 build/default/debug/src/framework/hal/port.o
 .debug_aranges
                0x000000c0       0x20 build/default/debug/src/framework/hal/pwm.o
 .debug_aranges
                0x000000e0       0x20 build/default/debug/src/framework/hal/tmr.o
 .debug_aranges
                0x00000100       0x20 build/default/debug/src/framework/hal/uart.o
 .debug_aranges
                0x00000120       0x20 build/default/debug/src/framework/sal/dio/inch.o
 .debug_aranges
                0x00000140       0x20 build/default/debug/src/framework/sal/dio/outch.o
 .debug_aranges
                0x00000160       0x20 build/default/debug/src/framework/sal/rtos/rtos.o
 .debug_aranges
                0x00000180       0x20 build/default/debug/src/framework/sal/sys/exc.o
 .debug_aranges
                0x000001a0       0x20 build/default/debug/src/framework/sal/sys/main.o
 .debug_aranges
                0x000001c0       0x20 build/default/debug/src/demo_app.o
 .debug_aranges
                0x000001e0       0x20 /opt/microchip/xc32/v1.31/bin/../lib/gcc/pic32mx/4.5.2/../../../../pic32mx/lib/libpic32.a(default-bootstrap-exception-handler.o)
 .debug_aranges
                0x00000200       0x20 /opt/microchip/xc32/v1.31/bin/../lib/gcc/pic32mx/4.5.2/../../../../pic32mx/lib/libpic32.a(default-on-reset.o)
 .debug_aranges
                0x00000220       0x20 /opt/microchip/xc32/v1.31/bin/../lib/gcc/pic32mx/4.5.2/../../../../pic32mx/lib/libpic32.a(default-on-bootstrap.o)
 .debug_aranges
                0x00000240       0x20 /opt/microchip/xc32/v1.31/bin/../lib/gcc/pic32mx/4.5.2/../../../../pic32mx/lib/libpic32.a(defaultinterrupt.o)
 .debug_aranges
                0x00000260       0x20 /opt/microchip/xc32/v1.31/bin/../lib/gcc/pic32mx/4.5.2/../../../../pic32mx/lib/software-debug-break.o

.debug_pubnames
                0x00000000      0x943
 *(.debug_pubnames)
 .debug_pubnames
                0x00000000       0xa3 build/default/debug/src/framework/hal/adc.o
 .debug_pubnames
                0x000000a3       0xf9 build/default/debug/src/framework/hal/can.o
 .debug_pubnames
                0x0000019c       0xc5 build/default/debug/src/framework/hal/eep.o
 .debug_pubnames
                0x00000261       0x98 build/default/debug/src/framework/hal/ic.o
 .debug_pubnames
                0x000002f9       0x24 build/default/debug/src/framework/hal/int.o
 .debug_pubnames
                0x0000031d       0x85 build/default/debug/src/framework/hal/port.o
 .debug_pubnames
                0x000003a2       0xa7 build/default/debug/src/framework/hal/pwm.o
 .debug_pubnames
                0x00000449       0x70 build/default/debug/src/framework/hal/tmr.o
 .debug_pubnames
                0x000004b9       0xf6 build/default/debug/src/framework/hal/uart.o
 .debug_pubnames
                0x000005af       0x6e build/default/debug/src/framework/sal/dio/inch.o
 .debug_pubnames
                0x0000061d       0x8b build/default/debug/src/framework/sal/dio/outch.o
 .debug_pubnames
                0x000006a8       0xb2 build/default/debug/src/framework/sal/rtos/rtos.o
 .debug_pubnames
                0x0000075a       0x2e build/default/debug/src/framework/sal/rtos/rtos_cfg.o
 .debug_pubnames
                0x00000788       0x31 build/default/debug/src/framework/sal/sys/exc.o
 .debug_pubnames
                0x000007b9       0x1b build/default/debug/src/framework/sal/sys/main.o
 .debug_pubnames
                0x000007d4       0xa0 build/default/debug/src/demo_app.o
 .debug_pubnames
                0x00000874       0x33 /opt/microchip/xc32/v1.31/bin/../lib/gcc/pic32mx/4.5.2/../../../../pic32mx/lib/libpic32.a(default-bootstrap-exception-handler.o)
 .debug_pubnames
                0x000008a7       0x20 /opt/microchip/xc32/v1.31/bin/../lib/gcc/pic32mx/4.5.2/../../../../pic32mx/lib/libpic32.a(default-on-reset.o)
 .debug_pubnames
                0x000008c7       0x24 /opt/microchip/xc32/v1.31/bin/../lib/gcc/pic32mx/4.5.2/../../../../pic32mx/lib/libpic32.a(default-on-bootstrap.o)
 .debug_pubnames
                0x000008eb       0x28 /opt/microchip/xc32/v1.31/bin/../lib/gcc/pic32mx/4.5.2/../../../../pic32mx/lib/libpic32.a(defaultinterrupt.o)
 .debug_pubnames
                0x00000913       0x30 /opt/microchip/xc32/v1.31/bin/../lib/gcc/pic32mx/4.5.2/../../../../pic32mx/lib/software-debug-break.o

.debug_info     0x00000000     0xd315
 *(.debug_info .gnu.linkonce.wi.*)
 .debug_info    0x00000000      0xa5f build/default/debug/src/framework/hal/adc.o
 .debug_info    0x00000a5f     0x4d0a build/default/debug/src/framework/hal/can.o
 .debug_info    0x00005769     0x1cbb build/default/debug/src/framework/hal/eep.o
 .debug_info    0x00007424      0x8ba build/default/debug/src/framework/hal/ic.o
 .debug_info    0x00007cde      0x293 build/default/debug/src/framework/hal/int.o
 .debug_info    0x00007f71      0x6d1 build/default/debug/src/framework/hal/port.o
 .debug_info    0x00008642      0x6bd build/default/debug/src/framework/hal/pwm.o
 .debug_info    0x00008cff      0x2ed build/default/debug/src/framework/hal/tmr.o
 .debug_info    0x00008fec      0x94e build/default/debug/src/framework/hal/uart.o
 .debug_info    0x0000993a      0x858 build/default/debug/src/framework/sal/dio/inch.o
 .debug_info    0x0000a192      0xa5d build/default/debug/src/framework/sal/dio/outch.o
 .debug_info    0x0000abef      0x7e6 build/default/debug/src/framework/sal/rtos/rtos.o
 .debug_info    0x0000b3d5      0x2c6 build/default/debug/src/framework/sal/rtos/rtos_cfg.o
 .debug_info    0x0000b69b      0x159 build/default/debug/src/framework/sal/sys/exc.o
 .debug_info    0x0000b7f4      0xc05 build/default/debug/src/framework/sal/sys/main.o
 .debug_info    0x0000c3f9      0xb26 build/default/debug/src/demo_app.o
 .debug_info    0x0000cf1f       0xde /opt/microchip/xc32/v1.31/bin/../lib/gcc/pic32mx/4.5.2/../../../../pic32mx/lib/libpic32.a(default-bootstrap-exception-handler.o)
 .debug_info    0x0000cffd       0xb8 /opt/microchip/xc32/v1.31/bin/../lib/gcc/pic32mx/4.5.2/../../../../pic32mx/lib/libpic32.a(default-on-reset.o)
 .debug_info    0x0000d0b5       0xc0 /opt/microchip/xc32/v1.31/bin/../lib/gcc/pic32mx/4.5.2/../../../../pic32mx/lib/libpic32.a(default-on-bootstrap.o)
 .debug_info    0x0000d175       0xd2 /opt/microchip/xc32/v1.31/bin/../lib/gcc/pic32mx/4.5.2/../../../../pic32mx/lib/libpic32.a(defaultinterrupt.o)
 .debug_info    0x0000d247       0xce /opt/microchip/xc32/v1.31/bin/../lib/gcc/pic32mx/4.5.2/../../../../pic32mx/lib/software-debug-break.o

.debug_abbrev   0x00000000     0x1170
 *(.debug_abbrev)
 .debug_abbrev  0x00000000      0x178 build/default/debug/src/framework/hal/adc.o
 .debug_abbrev  0x00000178      0x20c build/default/debug/src/framework/hal/can.o
 .debug_abbrev  0x00000384      0x230 build/default/debug/src/framework/hal/eep.o
 .debug_abbrev  0x000005b4      0x15e build/default/debug/src/framework/hal/ic.o
 .debug_abbrev  0x00000712       0x92 build/default/debug/src/framework/hal/int.o
 .debug_abbrev  0x000007a4      0x104 build/default/debug/src/framework/hal/port.o
 .debug_abbrev  0x000008a8       0xdb build/default/debug/src/framework/hal/pwm.o
 .debug_abbrev  0x00000983       0x92 build/default/debug/src/framework/hal/tmr.o
 .debug_abbrev  0x00000a15       0xf7 build/default/debug/src/framework/hal/uart.o
 .debug_abbrev  0x00000b0c      0x117 build/default/debug/src/framework/sal/dio/inch.o
 .debug_abbrev  0x00000c23       0xf7 build/default/debug/src/framework/sal/dio/outch.o
 .debug_abbrev  0x00000d1a      0x15f build/default/debug/src/framework/sal/rtos/rtos.o
 .debug_abbrev  0x00000e79       0x8b build/default/debug/src/framework/sal/rtos/rtos_cfg.o
 .debug_abbrev  0x00000f04       0x43 build/default/debug/src/framework/sal/sys/exc.o
 .debug_abbrev  0x00000f47       0xce build/default/debug/src/framework/sal/sys/main.o
 .debug_abbrev  0x00001015       0xac build/default/debug/src/demo_app.o
 .debug_abbrev  0x000010c1       0x23 /opt/microchip/xc32/v1.31/bin/../lib/gcc/pic32mx/4.5.2/../../../../pic32mx/lib/libpic32.a(default-bootstrap-exception-handler.o)
 .debug_abbrev  0x000010e4       0x23 /opt/microchip/xc32/v1.31/bin/../lib/gcc/pic32mx/4.5.2/../../../../pic32mx/lib/libpic32.a(default-on-reset.o)
 .debug_abbrev  0x00001107       0x23 /opt/microchip/xc32/v1.31/bin/../lib/gcc/pic32mx/4.5.2/../../../../pic32mx/lib/libpic32.a(default-on-bootstrap.o)
 .debug_abbrev  0x0000112a       0x23 /opt/microchip/xc32/v1.31/bin/../lib/gcc/pic32mx/4.5.2/../../../../pic32mx/lib/libpic32.a(defaultinterrupt.o)
 .debug_abbrev  0x0000114d       0x23 /opt/microchip/xc32/v1.31/bin/../lib/gcc/pic32mx/4.5.2/../../../../pic32mx/lib/software-debug-break.o

.debug_line     0x00000000     0x1f66
 *(.debug_line)
 .debug_line    0x00000000      0x1d6 build/default/debug/src/framework/hal/adc.o
 .debug_line    0x000001d6      0x4c7 build/default/debug/src/framework/hal/can.o
 .debug_line    0x0000069d      0x2b9 build/default/debug/src/framework/hal/eep.o
 .debug_line    0x00000956      0x1e3 build/default/debug/src/framework/hal/ic.o
 .debug_line    0x00000b39       0x9a build/default/debug/src/framework/hal/int.o
 .debug_line    0x00000bd3      0x172 build/default/debug/src/framework/hal/port.o
 .debug_line    0x00000d45      0x196 build/default/debug/src/framework/hal/pwm.o
 .debug_line    0x00000edb      0x13c build/default/debug/src/framework/hal/tmr.o
 .debug_line    0x00001017      0x1bd build/default/debug/src/framework/hal/uart.o
 .debug_line    0x000011d4      0x241 build/default/debug/src/framework/sal/dio/inch.o
 .debug_line    0x00001415      0x23e build/default/debug/src/framework/sal/dio/outch.o
 .debug_line    0x00001653      0x191 build/default/debug/src/framework/sal/rtos/rtos.o
 .debug_line    0x000017e4       0xe5 build/default/debug/src/framework/sal/rtos/rtos_cfg.o
 .debug_line    0x000018c9       0x8c build/default/debug/src/framework/sal/sys/exc.o
 .debug_line    0x00001955      0x182 build/default/debug/src/framework/sal/sys/main.o
 .debug_line    0x00001ad7      0x1cc build/default/debug/src/demo_app.o
 .debug_line    0x00001ca3       0x97 /opt/microchip/xc32/v1.31/bin/../lib/gcc/pic32mx/4.5.2/../../../../pic32mx/lib/libpic32.a(default-bootstrap-exception-handler.o)
 .debug_line    0x00001d3a       0x84 /opt/microchip/xc32/v1.31/bin/../lib/gcc/pic32mx/4.5.2/../../../../pic32mx/lib/libpic32.a(default-on-reset.o)
 .debug_line    0x00001dbe       0x88 /opt/microchip/xc32/v1.31/bin/../lib/gcc/pic32mx/4.5.2/../../../../pic32mx/lib/libpic32.a(default-on-bootstrap.o)
 .debug_line    0x00001e46       0x96 /opt/microchip/xc32/v1.31/bin/../lib/gcc/pic32mx/4.5.2/../../../../pic32mx/lib/libpic32.a(defaultinterrupt.o)
 .debug_line    0x00001edc       0x8a /opt/microchip/xc32/v1.31/bin/../lib/gcc/pic32mx/4.5.2/../../../../pic32mx/lib/software-debug-break.o

.debug_frame    0x00000000      0xd78
 *(.debug_frame)
 .debug_frame   0x00000000      0x170 build/default/debug/src/framework/hal/adc.o
 .debug_frame   0x00000170      0x144 build/default/debug/src/framework/hal/can.o
 .debug_frame   0x000002b4       0xf4 build/default/debug/src/framework/hal/eep.o
 .debug_frame   0x000003a8      0x1d8 build/default/debug/src/framework/hal/ic.o
 .debug_frame   0x00000580       0x2c build/default/debug/src/framework/hal/int.o
 .debug_frame   0x000005ac       0x9c build/default/debug/src/framework/hal/port.o
 .debug_frame   0x00000648      0x104 build/default/debug/src/framework/hal/pwm.o
 .debug_frame   0x0000074c       0xa8 build/default/debug/src/framework/hal/tmr.o
 .debug_frame   0x000007f4      0x134 build/default/debug/src/framework/hal/uart.o
 .debug_frame   0x00000928       0x9c build/default/debug/src/framework/sal/dio/inch.o
 .debug_frame   0x000009c4       0xd4 build/default/debug/src/framework/sal/dio/outch.o
 .debug_frame   0x00000a98       0xf0 build/default/debug/src/framework/sal/rtos/rtos.o
 .debug_frame   0x00000b88       0x2c build/default/debug/src/framework/sal/sys/exc.o
 .debug_frame   0x00000bb4       0x48 build/default/debug/src/framework/sal/sys/main.o
 .debug_frame   0x00000bfc       0xd4 build/default/debug/src/demo_app.o
 .debug_frame   0x00000cd0       0x28 /opt/microchip/xc32/v1.31/bin/../lib/gcc/pic32mx/4.5.2/../../../../pic32mx/lib/libpic32.a(default-bootstrap-exception-handler.o)
 .debug_frame   0x00000cf8       0x20 /opt/microchip/xc32/v1.31/bin/../lib/gcc/pic32mx/4.5.2/../../../../pic32mx/lib/libpic32.a(default-on-reset.o)
 .debug_frame   0x00000d18       0x20 /opt/microchip/xc32/v1.31/bin/../lib/gcc/pic32mx/4.5.2/../../../../pic32mx/lib/libpic32.a(default-on-bootstrap.o)
 .debug_frame   0x00000d38       0x20 /opt/microchip/xc32/v1.31/bin/../lib/gcc/pic32mx/4.5.2/../../../../pic32mx/lib/libpic32.a(defaultinterrupt.o)
 .debug_frame   0x00000d58       0x20 /opt/microchip/xc32/v1.31/bin/../lib/gcc/pic32mx/4.5.2/../../../../pic32mx/lib/software-debug-break.o

.debug_str      0x00000000      0x9c0
 *(.debug_str)
 .debug_str     0x00000000       0x94 build/default/debug/src/framework/hal/adc.o
 .debug_str     0x00000094      0x541 build/default/debug/src/framework/hal/can.o
 .debug_str     0x000005d5      0x1b1 build/default/debug/src/framework/hal/eep.o
 .debug_str     0x00000786       0x62 build/default/debug/src/framework/hal/ic.o
 .debug_str     0x000007e8        0xb build/default/debug/src/framework/hal/int.o
 .debug_str     0x000007f3       0x24 build/default/debug/src/framework/hal/port.o
 .debug_str     0x00000817       0x31 build/default/debug/src/framework/hal/pwm.o
 .debug_str     0x00000848       0x12 build/default/debug/src/framework/hal/tmr.o
 .debug_str     0x0000085a       0xda build/default/debug/src/framework/hal/uart.o
 .debug_str     0x00000934       0x17 build/default/debug/src/framework/sal/dio/inch.o
 .debug_str     0x0000094b        0xf build/default/debug/src/framework/sal/dio/outch.o
 .debug_str     0x0000095a       0x35 build/default/debug/src/framework/sal/rtos/rtos.o
 .debug_str     0x0000098f        0x0 build/default/debug/src/framework/sal/rtos/rtos_cfg.o
 .debug_str     0x0000098f        0x0 build/default/debug/src/framework/sal/sys/exc.o
 .debug_str     0x0000098f       0x31 build/default/debug/src/framework/sal/sys/main.o
 .debug_str     0x000009c0        0x0 build/default/debug/src/demo_app.o
 .debug_str     0x000009c0        0x0 /opt/microchip/xc32/v1.31/bin/../lib/gcc/pic32mx/4.5.2/../../../../pic32mx/lib/libpic32.a(default-bootstrap-exception-handler.o)
 .debug_str     0x000009c0        0x0 /opt/microchip/xc32/v1.31/bin/../lib/gcc/pic32mx/4.5.2/../../../../pic32mx/lib/libpic32.a(default-on-reset.o)
 .debug_str     0x000009c0        0x0 /opt/microchip/xc32/v1.31/bin/../lib/gcc/pic32mx/4.5.2/../../../../pic32mx/lib/libpic32.a(default-on-bootstrap.o)
 .debug_str     0x000009c0        0x0 /opt/microchip/xc32/v1.31/bin/../lib/gcc/pic32mx/4.5.2/../../../../pic32mx/lib/libpic32.a(defaultinterrupt.o)
 .debug_str     0x000009c0        0x0 /opt/microchip/xc32/v1.31/bin/../lib/gcc/pic32mx/4.5.2/../../../../pic32mx/lib/software-debug-break.o

.debug_loc      0x00000000     0x113c
 *(.debug_loc)
 .debug_loc     0x00000000      0x1e6 build/default/debug/src/framework/hal/adc.o
 .debug_loc     0x000001e6      0x1e4 build/default/debug/src/framework/hal/can.o
 .debug_loc     0x000003ca      0x160 build/default/debug/src/framework/hal/eep.o
 .debug_loc     0x0000052a      0x216 build/default/debug/src/framework/hal/ic.o
 .debug_loc     0x00000740       0x2c build/default/debug/src/framework/hal/int.o
 .debug_loc     0x0000076c       0xdc build/default/debug/src/framework/hal/port.o
 .debug_loc     0x00000848      0x160 build/default/debug/src/framework/hal/pwm.o
 .debug_loc     0x000009a8       0xb2 build/default/debug/src/framework/hal/tmr.o
 .debug_loc     0x00000a5a      0x1b8 build/default/debug/src/framework/hal/uart.o
 .debug_loc     0x00000c12       0xdc build/default/debug/src/framework/sal/dio/inch.o
 .debug_loc     0x00000cee      0x134 build/default/debug/src/framework/sal/dio/outch.o
 .debug_loc     0x00000e22      0x160 build/default/debug/src/framework/sal/rtos/rtos.o
 .debug_loc     0x00000f82       0x2c build/default/debug/src/framework/sal/sys/exc.o
 .debug_loc     0x00000fae       0x58 build/default/debug/src/framework/sal/sys/main.o
 .debug_loc     0x00001006      0x136 build/default/debug/src/demo_app.o

.debug_macinfo
 *(.debug_macinfo)

.debug_weaknames
 *(.debug_weaknames)

.debug_funcnames
 *(.debug_funcnames)

.debug_typenames
 *(.debug_typenames)

.debug_varnames
 *(.debug_varnames)

.debug_pubtypes
                0x00000000      0xd6a
 *(.debug_pubtypes)
 .debug_pubtypes
                0x00000000       0x7e build/default/debug/src/framework/hal/adc.o
 .debug_pubtypes
                0x0000007e      0x5c8 build/default/debug/src/framework/hal/can.o
 .debug_pubtypes
                0x00000646      0x1d7 build/default/debug/src/framework/hal/eep.o
 .debug_pubtypes
                0x0000081d       0x64 build/default/debug/src/framework/hal/ic.o
 .debug_pubtypes
                0x00000881       0x25 build/default/debug/src/framework/hal/int.o
 .debug_pubtypes
                0x000008a6       0x72 build/default/debug/src/framework/hal/port.o
 .debug_pubtypes
                0x00000918       0x3c build/default/debug/src/framework/hal/pwm.o
 .debug_pubtypes
                0x00000954       0x28 build/default/debug/src/framework/hal/tmr.o
 .debug_pubtypes
                0x0000097c       0x33 build/default/debug/src/framework/hal/uart.o
 .debug_pubtypes
                0x000009af       0xc3 build/default/debug/src/framework/sal/dio/inch.o
 .debug_pubtypes
                0x00000a72       0xb3 build/default/debug/src/framework/sal/dio/outch.o
 .debug_pubtypes
                0x00000b25       0xb1 build/default/debug/src/framework/sal/rtos/rtos.o
 .debug_pubtypes
                0x00000bd6       0x2b build/default/debug/src/framework/sal/rtos/rtos_cfg.o
 .debug_pubtypes
                0x00000c01       0x12 build/default/debug/src/framework/sal/sys/exc.o
 .debug_pubtypes
                0x00000c13       0x6b build/default/debug/src/framework/sal/sys/main.o
 .debug_pubtypes
                0x00000c7e       0xec build/default/debug/src/demo_app.o

.debug_ranges
 *(.debug_ranges)

.gnu.attributes
                0x00000000       0x10
 *(.gnu.attributes)
 .gnu.attributes
                0x00000000       0x10 build/default/debug/src/framework/hal/adc.o
 .gnu.attributes
                0x00000010       0x10 build/default/debug/src/framework/hal/can.o
 .gnu.attributes
                0x00000020       0x10 build/default/debug/src/framework/hal/eep.o
 .gnu.attributes
                0x00000030       0x10 build/default/debug/src/framework/hal/ic.o
 .gnu.attributes
                0x00000040       0x10 build/default/debug/src/framework/hal/int.o
 .gnu.attributes
                0x00000050       0x10 build/default/debug/src/framework/hal/port.o
 .gnu.attributes
                0x00000060       0x10 build/default/debug/src/framework/hal/pwm.o
 .gnu.attributes
                0x00000070       0x10 build/default/debug/src/framework/hal/tmr.o
 .gnu.attributes
                0x00000080       0x10 build/default/debug/src/framework/hal/uart.o
 .gnu.attributes
                0x00000090       0x10 build/default/debug/src/framework/sal/dio/inch.o
 .gnu.attributes
                0x000000a0       0x10 build/default/debug/src/framework/sal/dio/outch.o
 .gnu.attributes
                0x000000b0       0x10 build/default/debug/src/framework/sal/rtos/rtos.o
 .gnu.attributes
                0x000000c0       0x10 build/default/debug/src/framework/sal/rtos/rtos_cfg.o
 .gnu.attributes
                0x000000d0       0x10 build/default/debug/src/framework/sal/sys/exc.o
 .gnu.attributes
                0x000000e0       0x10 build/default/debug/src/framework/sal/sys/main.o
 .gnu.attributes
                0x000000f0       0x10 build/default/debug/src/demo_app.o
 .gnu.attributes
                0x00000100       0x10 /opt/microchip/xc32/v1.31/bin/../lib/gcc/pic32mx/4.5.2/../../../../pic32mx/lib/libpic32.a(default-bootstrap-exception-handler.o)
 .gnu.attributes
                0x00000110       0x10 /opt/microchip/xc32/v1.31/bin/../lib/gcc/pic32mx/4.5.2/../../../../pic32mx/lib/libpic32.a(default-on-reset.o)
 .gnu.attributes
                0x00000120       0x10 /opt/microchip/xc32/v1.31/bin/../lib/gcc/pic32mx/4.5.2/../../../../pic32mx/lib/libpic32.a(default-on-bootstrap.o)
 .gnu.attributes
                0x00000130       0x10 /opt/microchip/xc32/v1.31/bin/../lib/gcc/pic32mx/4.5.2/../../../../pic32mx/lib/libpic32.a(defaultinterrupt.o)
 .gnu.attributes
                0x00000140       0x10 /opt/microchip/xc32/v1.31/bin/../lib/gcc/pic32mx/4.5.2/../../../../pic32mx/lib/software-debug-break.o
LOAD /opt/microchip/xc32/v1.31/bin/../lib/gcc/pic32mx/4.5.2/libgcc.a
START GROUP
LOAD /opt/microchip/xc32/v1.31/bin/../lib/gcc/pic32mx/4.5.2/../../../../pic32mx/lib/libpic32.a
LOAD /opt/microchip/xc32/v1.31/bin/../lib/gcc/pic32mx/4.5.2/../../../../pic32mx/lib/libdebug.a
LOAD /opt/microchip/xc32/v1.31/bin/../lib/gcc/pic32mx/4.5.2/../../../../pic32mx/lib/libm.a
LOAD /opt/microchip/xc32/v1.31/bin/../lib/gcc/pic32mx/4.5.2/../../../../pic32mx/lib/libe.a
LOAD /opt/microchip/xc32/v1.31/bin/../lib/gcc/pic32mx/4.5.2/../../../../pic32mx/lib/libdsp.a
LOAD /opt/microchip/xc32/v1.31/bin/../lib/gcc/pic32mx/4.5.2/libgcc.a
LOAD /opt/microchip/xc32/v1.31/bin/../lib/gcc/pic32mx/4.5.2/../../../../pic32mx/lib/libpic32.a
LOAD /opt/microchip/xc32/v1.31/bin/../lib/gcc/pic32mx/4.5.2/../../../../pic32mx/lib/libc.a
LOAD /opt/microchip/xc32/v1.31/bin/../lib/gcc/pic32mx/4.5.2/../../../../pic32mx/lib/libpic32.a
END GROUP
LOAD /opt/microchip/xc32/v1.31/bin/../lib/gcc/pic32mx/4.5.2/libgcc.a
LOAD /opt/microchip/xc32/v1.31/bin/../lib/gcc/pic32mx/4.5.2/../../../../pic32mx/lib/software-debug-break.o
OUTPUT(dist/default/debug/pic32_framework.debug.elf elf32-tradlittlemips)
LOAD stack
LOAD data_init

.reginfo        0x00000000       0x18
 .reginfo       0x00000000       0x18 /opt/microchip/xc32/v1.31/bin/../lib/gcc/pic32mx/4.5.2/../../../../pic32mx/lib/./proc/32MX795F512L/crt0_mips32r2.o

.stack          0xa0000fc0      0x400
 .stack         0xa0000fc0      0x400 stack

.bss            0xa00006c0      0x874
 .bss           0xa00006c0      0x80c build/default/debug/src/framework/hal/can.o
 .bss           0xa0000ecc       0x3c build/default/debug/src/framework/sal/rtos/rtos.o
 .bss           0xa0000f08       0x2c build/default/debug/src/framework/hal/ic.o

.data           0xa0000f34       0x28
 .data          0xa0000f34       0x28 build/default/debug/src/framework/sal/rtos/rtos.o

.bss            0xa0000f5c       0x28
 .bss           0xa0000f5c       0x18 build/default/debug/src/framework/hal/eep.o
 .bss           0xa0000f74       0x10 build/default/debug/src/framework/sal/dio/inch.o

.data           0xa0000f84        0xc
 .data          0xa0000f84        0xc build/default/debug/src/framework/sal/dio/outch.o

.bss%z1         0x00000000        0x0
 .bss           0x00000000        0x0 /opt/microchip/xc32/v1.31/bin/../lib/gcc/pic32mx/4.5.2/../../../../pic32mx/lib/software-debug-break.o

.data%z2        0x00000000        0x0
 .data          0x00000000        0x0 /opt/microchip/xc32/v1.31/bin/../lib/gcc/pic32mx/4.5.2/../../../../pic32mx/lib/software-debug-break.o

.bss%z3         0x00000000        0x0
 .bss           0x00000000        0x0 /opt/microchip/xc32/v1.31/bin/../lib/gcc/pic32mx/4.5.2/../../../../pic32mx/lib/libpic32.a(defaultinterrupt.o)

.data%z4        0x00000000        0x0
 .data          0x00000000        0x0 /opt/microchip/xc32/v1.31/bin/../lib/gcc/pic32mx/4.5.2/../../../../pic32mx/lib/libpic32.a(defaultinterrupt.o)

.bss%z5         0x00000000        0x0
 .bss           0x00000000        0x0 /opt/microchip/xc32/v1.31/bin/../lib/gcc/pic32mx/4.5.2/../../../../pic32mx/lib/libpic32.a(vector63.o)

.data%z6        0x00000000        0x0
 .data          0x00000000        0x0 /opt/microchip/xc32/v1.31/bin/../lib/gcc/pic32mx/4.5.2/../../../../pic32mx/lib/libpic32.a(vector63.o)

.bss%z7         0x00000000        0x0
 .bss           0x00000000        0x0 /opt/microchip/xc32/v1.31/bin/../lib/gcc/pic32mx/4.5.2/../../../../pic32mx/lib/libpic32.a(vector62.o)

.data%z8        0x00000000        0x0
 .data          0x00000000        0x0 /opt/microchip/xc32/v1.31/bin/../lib/gcc/pic32mx/4.5.2/../../../../pic32mx/lib/libpic32.a(vector62.o)

.bss%z9         0x00000000        0x0
 .bss           0x00000000        0x0 /opt/microchip/xc32/v1.31/bin/../lib/gcc/pic32mx/4.5.2/../../../../pic32mx/lib/libpic32.a(vector61.o)

.data%z10       0x00000000        0x0
 .data          0x00000000        0x0 /opt/microchip/xc32/v1.31/bin/../lib/gcc/pic32mx/4.5.2/../../../../pic32mx/lib/libpic32.a(vector61.o)

.bss%z11        0x00000000        0x0
 .bss           0x00000000        0x0 /opt/microchip/xc32/v1.31/bin/../lib/gcc/pic32mx/4.5.2/../../../../pic32mx/lib/libpic32.a(vector60.o)

.data%z12       0x00000000        0x0
 .data          0x00000000        0x0 /opt/microchip/xc32/v1.31/bin/../lib/gcc/pic32mx/4.5.2/../../../../pic32mx/lib/libpic32.a(vector60.o)

.bss%z13        0x00000000        0x0
 .bss           0x00000000        0x0 /opt/microchip/xc32/v1.31/bin/../lib/gcc/pic32mx/4.5.2/../../../../pic32mx/lib/libpic32.a(vector59.o)

.data%z14       0x00000000        0x0
 .data          0x00000000        0x0 /opt/microchip/xc32/v1.31/bin/../lib/gcc/pic32mx/4.5.2/../../../../pic32mx/lib/libpic32.a(vector59.o)

.bss%z15        0x00000000        0x0
 .bss           0x00000000        0x0 /opt/microchip/xc32/v1.31/bin/../lib/gcc/pic32mx/4.5.2/../../../../pic32mx/lib/libpic32.a(vector58.o)

.data%z16       0x00000000        0x0
 .data          0x00000000        0x0 /opt/microchip/xc32/v1.31/bin/../lib/gcc/pic32mx/4.5.2/../../../../pic32mx/lib/libpic32.a(vector58.o)

.bss%z17        0x00000000        0x0
 .bss           0x00000000        0x0 /opt/microchip/xc32/v1.31/bin/../lib/gcc/pic32mx/4.5.2/../../../../pic32mx/lib/libpic32.a(vector57.o)

.data%z18       0x00000000        0x0
 .data          0x00000000        0x0 /opt/microchip/xc32/v1.31/bin/../lib/gcc/pic32mx/4.5.2/../../../../pic32mx/lib/libpic32.a(vector57.o)

.bss%z19        0x00000000        0x0
 .bss           0x00000000        0x0 /opt/microchip/xc32/v1.31/bin/../lib/gcc/pic32mx/4.5.2/../../../../pic32mx/lib/libpic32.a(vector56.o)

.data%z20       0x00000000        0x0
 .data          0x00000000        0x0 /opt/microchip/xc32/v1.31/bin/../lib/gcc/pic32mx/4.5.2/../../../../pic32mx/lib/libpic32.a(vector56.o)

.bss%z21        0x00000000        0x0
 .bss           0x00000000        0x0 /opt/microchip/xc32/v1.31/bin/../lib/gcc/pic32mx/4.5.2/../../../../pic32mx/lib/libpic32.a(vector55.o)

.data%z22       0x00000000        0x0
 .data          0x00000000        0x0 /opt/microchip/xc32/v1.31/bin/../lib/gcc/pic32mx/4.5.2/../../../../pic32mx/lib/libpic32.a(vector55.o)

.bss%z23        0x00000000        0x0
 .bss           0x00000000        0x0 /opt/microchip/xc32/v1.31/bin/../lib/gcc/pic32mx/4.5.2/../../../../pic32mx/lib/libpic32.a(vector54.o)

.data%z24       0x00000000        0x0
 .data          0x00000000        0x0 /opt/microchip/xc32/v1.31/bin/../lib/gcc/pic32mx/4.5.2/../../../../pic32mx/lib/libpic32.a(vector54.o)

.bss%z25        0x00000000        0x0
 .bss           0x00000000        0x0 /opt/microchip/xc32/v1.31/bin/../lib/gcc/pic32mx/4.5.2/../../../../pic32mx/lib/libpic32.a(vector53.o)

.data%z26       0x00000000        0x0
 .data          0x00000000        0x0 /opt/microchip/xc32/v1.31/bin/../lib/gcc/pic32mx/4.5.2/../../../../pic32mx/lib/libpic32.a(vector53.o)

.bss%z27        0x00000000        0x0
 .bss           0x00000000        0x0 /opt/microchip/xc32/v1.31/bin/../lib/gcc/pic32mx/4.5.2/../../../../pic32mx/lib/libpic32.a(vector52.o)

.data%z28       0x00000000        0x0
 .data          0x00000000        0x0 /opt/microchip/xc32/v1.31/bin/../lib/gcc/pic32mx/4.5.2/../../../../pic32mx/lib/libpic32.a(vector52.o)

.bss%z29        0x00000000        0x0
 .bss           0x00000000        0x0 /opt/microchip/xc32/v1.31/bin/../lib/gcc/pic32mx/4.5.2/../../../../pic32mx/lib/libpic32.a(vector51.o)

.data%z30       0x00000000        0x0
 .data          0x00000000        0x0 /opt/microchip/xc32/v1.31/bin/../lib/gcc/pic32mx/4.5.2/../../../../pic32mx/lib/libpic32.a(vector51.o)

.bss%z31        0x00000000        0x0
 .bss           0x00000000        0x0 /opt/microchip/xc32/v1.31/bin/../lib/gcc/pic32mx/4.5.2/../../../../pic32mx/lib/libpic32.a(vector50.o)

.data%z32       0x00000000        0x0
 .data          0x00000000        0x0 /opt/microchip/xc32/v1.31/bin/../lib/gcc/pic32mx/4.5.2/../../../../pic32mx/lib/libpic32.a(vector50.o)

.bss%z33        0x00000000        0x0
 .bss           0x00000000        0x0 /opt/microchip/xc32/v1.31/bin/../lib/gcc/pic32mx/4.5.2/../../../../pic32mx/lib/libpic32.a(vector49.o)

.data%z34       0x00000000        0x0
 .data          0x00000000        0x0 /opt/microchip/xc32/v1.31/bin/../lib/gcc/pic32mx/4.5.2/../../../../pic32mx/lib/libpic32.a(vector49.o)

.bss%z35        0x00000000        0x0
 .bss           0x00000000        0x0 /opt/microchip/xc32/v1.31/bin/../lib/gcc/pic32mx/4.5.2/../../../../pic32mx/lib/libpic32.a(vector48.o)

.data%z36       0x00000000        0x0
 .data          0x00000000        0x0 /opt/microchip/xc32/v1.31/bin/../lib/gcc/pic32mx/4.5.2/../../../../pic32mx/lib/libpic32.a(vector48.o)

.bss%z37        0x00000000        0x0
 .bss           0x00000000        0x0 /opt/microchip/xc32/v1.31/bin/../lib/gcc/pic32mx/4.5.2/../../../../pic32mx/lib/libpic32.a(vector47.o)

.data%z38       0x00000000        0x0
 .data          0x00000000        0x0 /opt/microchip/xc32/v1.31/bin/../lib/gcc/pic32mx/4.5.2/../../../../pic32mx/lib/libpic32.a(vector47.o)

.bss%z39        0x00000000        0x0
 .bss           0x00000000        0x0 /opt/microchip/xc32/v1.31/bin/../lib/gcc/pic32mx/4.5.2/../../../../pic32mx/lib/libpic32.a(vector46.o)

.data%z40       0x00000000        0x0
 .data          0x00000000        0x0 /opt/microchip/xc32/v1.31/bin/../lib/gcc/pic32mx/4.5.2/../../../../pic32mx/lib/libpic32.a(vector46.o)

.bss%z41        0x00000000        0x0
 .bss           0x00000000        0x0 /opt/microchip/xc32/v1.31/bin/../lib/gcc/pic32mx/4.5.2/../../../../pic32mx/lib/libpic32.a(vector45.o)

.data%z42       0x00000000        0x0
 .data          0x00000000        0x0 /opt/microchip/xc32/v1.31/bin/../lib/gcc/pic32mx/4.5.2/../../../../pic32mx/lib/libpic32.a(vector45.o)

.bss%z43        0x00000000        0x0
 .bss           0x00000000        0x0 /opt/microchip/xc32/v1.31/bin/../lib/gcc/pic32mx/4.5.2/../../../../pic32mx/lib/libpic32.a(vector44.o)

.data%z44       0x00000000        0x0
 .data          0x00000000        0x0 /opt/microchip/xc32/v1.31/bin/../lib/gcc/pic32mx/4.5.2/../../../../pic32mx/lib/libpic32.a(vector44.o)

.bss%z45        0x00000000        0x0
 .bss           0x00000000        0x0 /opt/microchip/xc32/v1.31/bin/../lib/gcc/pic32mx/4.5.2/../../../../pic32mx/lib/libpic32.a(vector43.o)

.data%z46       0x00000000        0x0
 .data          0x00000000        0x0 /opt/microchip/xc32/v1.31/bin/../lib/gcc/pic32mx/4.5.2/../../../../pic32mx/lib/libpic32.a(vector43.o)

.bss%z47        0x00000000        0x0
 .bss           0x00000000        0x0 /opt/microchip/xc32/v1.31/bin/../lib/gcc/pic32mx/4.5.2/../../../../pic32mx/lib/libpic32.a(vector42.o)

.data%z48       0x00000000        0x0
 .data          0x00000000        0x0 /opt/microchip/xc32/v1.31/bin/../lib/gcc/pic32mx/4.5.2/../../../../pic32mx/lib/libpic32.a(vector42.o)

.bss%z49        0x00000000        0x0
 .bss           0x00000000        0x0 /opt/microchip/xc32/v1.31/bin/../lib/gcc/pic32mx/4.5.2/../../../../pic32mx/lib/libpic32.a(vector41.o)

.data%z50       0x00000000        0x0
 .data          0x00000000        0x0 /opt/microchip/xc32/v1.31/bin/../lib/gcc/pic32mx/4.5.2/../../../../pic32mx/lib/libpic32.a(vector41.o)

.bss%z51        0x00000000        0x0
 .bss           0x00000000        0x0 /opt/microchip/xc32/v1.31/bin/../lib/gcc/pic32mx/4.5.2/../../../../pic32mx/lib/libpic32.a(vector40.o)

.data%z52       0x00000000        0x0
 .data          0x00000000        0x0 /opt/microchip/xc32/v1.31/bin/../lib/gcc/pic32mx/4.5.2/../../../../pic32mx/lib/libpic32.a(vector40.o)

.bss%z53        0x00000000        0x0
 .bss           0x00000000        0x0 /opt/microchip/xc32/v1.31/bin/../lib/gcc/pic32mx/4.5.2/../../../../pic32mx/lib/libpic32.a(vector39.o)

.data%z54       0x00000000        0x0
 .data          0x00000000        0x0 /opt/microchip/xc32/v1.31/bin/../lib/gcc/pic32mx/4.5.2/../../../../pic32mx/lib/libpic32.a(vector39.o)

.bss%z55        0x00000000        0x0
 .bss           0x00000000        0x0 /opt/microchip/xc32/v1.31/bin/../lib/gcc/pic32mx/4.5.2/../../../../pic32mx/lib/libpic32.a(vector36.o)

.data%z56       0x00000000        0x0
 .data          0x00000000        0x0 /opt/microchip/xc32/v1.31/bin/../lib/gcc/pic32mx/4.5.2/../../../../pic32mx/lib/libpic32.a(vector36.o)

.bss%z57        0x00000000        0x0
 .bss           0x00000000        0x0 /opt/microchip/xc32/v1.31/bin/../lib/gcc/pic32mx/4.5.2/../../../../pic32mx/lib/libpic32.a(vector35.o)

.data%z58       0x00000000        0x0
 .data          0x00000000        0x0 /opt/microchip/xc32/v1.31/bin/../lib/gcc/pic32mx/4.5.2/../../../../pic32mx/lib/libpic32.a(vector35.o)

.bss%z59        0x00000000        0x0
 .bss           0x00000000        0x0 /opt/microchip/xc32/v1.31/bin/../lib/gcc/pic32mx/4.5.2/../../../../pic32mx/lib/libpic32.a(vector34.o)

.data%z60       0x00000000        0x0
 .data          0x00000000        0x0 /opt/microchip/xc32/v1.31/bin/../lib/gcc/pic32mx/4.5.2/../../../../pic32mx/lib/libpic32.a(vector34.o)

.bss%z61        0x00000000        0x0
 .bss           0x00000000        0x0 /opt/microchip/xc32/v1.31/bin/../lib/gcc/pic32mx/4.5.2/../../../../pic32mx/lib/libpic32.a(vector33.o)

.data%z62       0x00000000        0x0
 .data          0x00000000        0x0 /opt/microchip/xc32/v1.31/bin/../lib/gcc/pic32mx/4.5.2/../../../../pic32mx/lib/libpic32.a(vector33.o)

.bss%z63        0x00000000        0x0
 .bss           0x00000000        0x0 /opt/microchip/xc32/v1.31/bin/../lib/gcc/pic32mx/4.5.2/../../../../pic32mx/lib/libpic32.a(vector32.o)

.data%z64       0x00000000        0x0
 .data          0x00000000        0x0 /opt/microchip/xc32/v1.31/bin/../lib/gcc/pic32mx/4.5.2/../../../../pic32mx/lib/libpic32.a(vector32.o)

.bss%z65        0x00000000        0x0
 .bss           0x00000000        0x0 /opt/microchip/xc32/v1.31/bin/../lib/gcc/pic32mx/4.5.2/../../../../pic32mx/lib/libpic32.a(vector31.o)

.data%z66       0x00000000        0x0
 .data          0x00000000        0x0 /opt/microchip/xc32/v1.31/bin/../lib/gcc/pic32mx/4.5.2/../../../../pic32mx/lib/libpic32.a(vector31.o)

.bss%z67        0x00000000        0x0
 .bss           0x00000000        0x0 /opt/microchip/xc32/v1.31/bin/../lib/gcc/pic32mx/4.5.2/../../../../pic32mx/lib/libpic32.a(vector30.o)

.data%z68       0x00000000        0x0
 .data          0x00000000        0x0 /opt/microchip/xc32/v1.31/bin/../lib/gcc/pic32mx/4.5.2/../../../../pic32mx/lib/libpic32.a(vector30.o)

.bss%z69        0x00000000        0x0
 .bss           0x00000000        0x0 /opt/microchip/xc32/v1.31/bin/../lib/gcc/pic32mx/4.5.2/../../../../pic32mx/lib/libpic32.a(vector29.o)

.data%z70       0x00000000        0x0
 .data          0x00000000        0x0 /opt/microchip/xc32/v1.31/bin/../lib/gcc/pic32mx/4.5.2/../../../../pic32mx/lib/libpic32.a(vector29.o)

.bss%z71        0x00000000        0x0
 .bss           0x00000000        0x0 /opt/microchip/xc32/v1.31/bin/../lib/gcc/pic32mx/4.5.2/../../../../pic32mx/lib/libpic32.a(vector28.o)

.data%z72       0x00000000        0x0
 .data          0x00000000        0x0 /opt/microchip/xc32/v1.31/bin/../lib/gcc/pic32mx/4.5.2/../../../../pic32mx/lib/libpic32.a(vector28.o)

.bss%z73        0x00000000        0x0
 .bss           0x00000000        0x0 /opt/microchip/xc32/v1.31/bin/../lib/gcc/pic32mx/4.5.2/../../../../pic32mx/lib/libpic32.a(vector26.o)

.data%z74       0x00000000        0x0
 .data          0x00000000        0x0 /opt/microchip/xc32/v1.31/bin/../lib/gcc/pic32mx/4.5.2/../../../../pic32mx/lib/libpic32.a(vector26.o)

.bss%z75        0x00000000        0x0
 .bss           0x00000000        0x0 /opt/microchip/xc32/v1.31/bin/../lib/gcc/pic32mx/4.5.2/../../../../pic32mx/lib/libpic32.a(vector23.o)

.data%z76       0x00000000        0x0
 .data          0x00000000        0x0 /opt/microchip/xc32/v1.31/bin/../lib/gcc/pic32mx/4.5.2/../../../../pic32mx/lib/libpic32.a(vector23.o)

.bss%z77        0x00000000        0x0
 .bss           0x00000000        0x0 /opt/microchip/xc32/v1.31/bin/../lib/gcc/pic32mx/4.5.2/../../../../pic32mx/lib/libpic32.a(vector22.o)

.data%z78       0x00000000        0x0
 .data          0x00000000        0x0 /opt/microchip/xc32/v1.31/bin/../lib/gcc/pic32mx/4.5.2/../../../../pic32mx/lib/libpic32.a(vector22.o)

.bss%z79        0x00000000        0x0
 .bss           0x00000000        0x0 /opt/microchip/xc32/v1.31/bin/../lib/gcc/pic32mx/4.5.2/../../../../pic32mx/lib/libpic32.a(vector21.o)

.data%z80       0x00000000        0x0
 .data          0x00000000        0x0 /opt/microchip/xc32/v1.31/bin/../lib/gcc/pic32mx/4.5.2/../../../../pic32mx/lib/libpic32.a(vector21.o)

.bss%z81        0x00000000        0x0
 .bss           0x00000000        0x0 /opt/microchip/xc32/v1.31/bin/../lib/gcc/pic32mx/4.5.2/../../../../pic32mx/lib/libpic32.a(vector20.o)

.data%z82       0x00000000        0x0
 .data          0x00000000        0x0 /opt/microchip/xc32/v1.31/bin/../lib/gcc/pic32mx/4.5.2/../../../../pic32mx/lib/libpic32.a(vector20.o)

.bss%z83        0x00000000        0x0
 .bss           0x00000000        0x0 /opt/microchip/xc32/v1.31/bin/../lib/gcc/pic32mx/4.5.2/../../../../pic32mx/lib/libpic32.a(vector19.o)

.data%z84       0x00000000        0x0
 .data          0x00000000        0x0 /opt/microchip/xc32/v1.31/bin/../lib/gcc/pic32mx/4.5.2/../../../../pic32mx/lib/libpic32.a(vector19.o)

.bss%z85        0x00000000        0x0
 .bss           0x00000000        0x0 /opt/microchip/xc32/v1.31/bin/../lib/gcc/pic32mx/4.5.2/../../../../pic32mx/lib/libpic32.a(vector17.o)

.data%z86       0x00000000        0x0
 .data          0x00000000        0x0 /opt/microchip/xc32/v1.31/bin/../lib/gcc/pic32mx/4.5.2/../../../../pic32mx/lib/libpic32.a(vector17.o)

.bss%z87        0x00000000        0x0
 .bss           0x00000000        0x0 /opt/microchip/xc32/v1.31/bin/../lib/gcc/pic32mx/4.5.2/../../../../pic32mx/lib/libpic32.a(vector16.o)

.data%z88       0x00000000        0x0
 .data          0x00000000        0x0 /opt/microchip/xc32/v1.31/bin/../lib/gcc/pic32mx/4.5.2/../../../../pic32mx/lib/libpic32.a(vector16.o)

.bss%z89        0x00000000        0x0
 .bss           0x00000000        0x0 /opt/microchip/xc32/v1.31/bin/../lib/gcc/pic32mx/4.5.2/../../../../pic32mx/lib/libpic32.a(vector15.o)

.data%z90       0x00000000        0x0
 .data          0x00000000        0x0 /opt/microchip/xc32/v1.31/bin/../lib/gcc/pic32mx/4.5.2/../../../../pic32mx/lib/libpic32.a(vector15.o)

.bss%z91        0x00000000        0x0
 .bss           0x00000000        0x0 /opt/microchip/xc32/v1.31/bin/../lib/gcc/pic32mx/4.5.2/../../../../pic32mx/lib/libpic32.a(vector11.o)

.data%z92       0x00000000        0x0
 .data          0x00000000        0x0 /opt/microchip/xc32/v1.31/bin/../lib/gcc/pic32mx/4.5.2/../../../../pic32mx/lib/libpic32.a(vector11.o)

.bss%z93        0x00000000        0x0
 .bss           0x00000000        0x0 /opt/microchip/xc32/v1.31/bin/../lib/gcc/pic32mx/4.5.2/../../../../pic32mx/lib/libpic32.a(vector7.o)

.data%z94       0x00000000        0x0
 .data          0x00000000        0x0 /opt/microchip/xc32/v1.31/bin/../lib/gcc/pic32mx/4.5.2/../../../../pic32mx/lib/libpic32.a(vector7.o)

.bss%z95        0x00000000        0x0
 .bss           0x00000000        0x0 /opt/microchip/xc32/v1.31/bin/../lib/gcc/pic32mx/4.5.2/../../../../pic32mx/lib/libpic32.a(vector3.o)

.data%z96       0x00000000        0x0
 .data          0x00000000        0x0 /opt/microchip/xc32/v1.31/bin/../lib/gcc/pic32mx/4.5.2/../../../../pic32mx/lib/libpic32.a(vector3.o)

.bss%z97        0x00000000        0x0
 .bss           0x00000000        0x0 /opt/microchip/xc32/v1.31/bin/../lib/gcc/pic32mx/4.5.2/../../../../pic32mx/lib/libpic32.a(vector2.o)

.data%z98       0x00000000        0x0
 .data          0x00000000        0x0 /opt/microchip/xc32/v1.31/bin/../lib/gcc/pic32mx/4.5.2/../../../../pic32mx/lib/libpic32.a(vector2.o)

.bss%z99        0x00000000        0x0
 .bss           0x00000000        0x0 /opt/microchip/xc32/v1.31/bin/../lib/gcc/pic32mx/4.5.2/../../../../pic32mx/lib/libpic32.a(vector1.o)

.data%z100      0x00000000        0x0
 .data          0x00000000        0x0 /opt/microchip/xc32/v1.31/bin/../lib/gcc/pic32mx/4.5.2/../../../../pic32mx/lib/libpic32.a(vector1.o)

.bss%z101       0x00000000        0x0
 .bss           0x00000000        0x0 /opt/microchip/xc32/v1.31/bin/../lib/gcc/pic32mx/4.5.2/../../../../pic32mx/lib/libpic32.a(vector0.o)

.data%z102      0x00000000        0x0
 .data          0x00000000        0x0 /opt/microchip/xc32/v1.31/bin/../lib/gcc/pic32mx/4.5.2/../../../../pic32mx/lib/libpic32.a(vector0.o)

.bss%z103       0x00000000        0x0
 .bss           0x00000000        0x0 /opt/microchip/xc32/v1.31/bin/../lib/gcc/pic32mx/4.5.2/../../../../pic32mx/lib/libpic32.a(general-exception.o)

.data%z104      0x00000000        0x0
 .data          0x00000000        0x0 /opt/microchip/xc32/v1.31/bin/../lib/gcc/pic32mx/4.5.2/../../../../pic32mx/lib/libpic32.a(general-exception.o)

.bss%z105       0x00000000        0x0
 .bss           0x00000000        0x0 /opt/microchip/xc32/v1.31/bin/../lib/gcc/pic32mx/4.5.2/../../../../pic32mx/lib/libpic32.a(pic32_software_reset.o)

.data%z106      0x00000000        0x0
 .data          0x00000000        0x0 /opt/microchip/xc32/v1.31/bin/../lib/gcc/pic32mx/4.5.2/../../../../pic32mx/lib/libpic32.a(pic32_software_reset.o)

.bss%z107       0x00000000        0x0
 .bss           0x00000000        0x0 /opt/microchip/xc32/v1.31/bin/../lib/gcc/pic32mx/4.5.2/../../../../pic32mx/lib/libpic32.a(default-nmi-handler.o)

.data%z108      0x00000000        0x0
 .data          0x00000000        0x0 /opt/microchip/xc32/v1.31/bin/../lib/gcc/pic32mx/4.5.2/../../../../pic32mx/lib/libpic32.a(default-nmi-handler.o)

.bss%z109       0x00000000        0x0
 .bss           0x00000000        0x0 /opt/microchip/xc32/v1.31/bin/../lib/gcc/pic32mx/4.5.2/../../../../pic32mx/lib/libpic32.a(default-on-bootstrap.o)

.data%z110      0x00000000        0x0
 .data          0x00000000        0x0 /opt/microchip/xc32/v1.31/bin/../lib/gcc/pic32mx/4.5.2/../../../../pic32mx/lib/libpic32.a(default-on-bootstrap.o)

.bss%z111       0x00000000        0x0
 .bss           0x00000000        0x0 /opt/microchip/xc32/v1.31/bin/../lib/gcc/pic32mx/4.5.2/../../../../pic32mx/lib/libpic32.a(default-on-reset.o)

.data%z112      0x00000000        0x0
 .data          0x00000000        0x0 /opt/microchip/xc32/v1.31/bin/../lib/gcc/pic32mx/4.5.2/../../../../pic32mx/lib/libpic32.a(default-on-reset.o)

.bss%z113       0x00000000        0x0
 .bss           0x00000000        0x0 /opt/microchip/xc32/v1.31/bin/../lib/gcc/pic32mx/4.5.2/../../../../pic32mx/lib/libpic32.a(default-bootstrap-exception-handler.o)

.data%z114      0x00000000        0x0
 .data          0x00000000        0x0 /opt/microchip/xc32/v1.31/bin/../lib/gcc/pic32mx/4.5.2/../../../../pic32mx/lib/libpic32.a(default-bootstrap-exception-handler.o)

.bss%z115       0x00000000        0x0
 .bss           0x00000000        0x0 /opt/microchip/xc32/v1.31/bin/../lib/gcc/pic32mx/4.5.2/../../../../pic32mx/lib/./proc/32MX795F512L/processor.o

.data%z116      0x00000000        0x0
 .data          0x00000000        0x0 /opt/microchip/xc32/v1.31/bin/../lib/gcc/pic32mx/4.5.2/../../../../pic32mx/lib/./proc/32MX795F512L/processor.o

.bss%z117       0x00000000        0x0
 .bss           0x00000000        0x0 /opt/microchip/xc32/v1.31/bin/../lib/gcc/pic32mx/4.5.2/../../../../pic32mx/lib/./proc/32MX795F512L/default_isr_vectors.o

.data%z118      0x00000000        0x0
 .data          0x00000000        0x0 /opt/microchip/xc32/v1.31/bin/../lib/gcc/pic32mx/4.5.2/../../../../pic32mx/lib/./proc/32MX795F512L/default_isr_vectors.o

.bss%z119       0x00000000        0x0
 .bss           0x00000000        0x0 build/default/debug/src/demo_app.o

.data%z120      0x00000000        0x0
 .data          0x00000000        0x0 build/default/debug/src/demo_app.o

.bss%z121       0x00000000        0x0
 .bss           0x00000000        0x0 build/default/debug/src/framework/sal/sys/main.o

.data%z122      0x00000000        0x0
 .data          0x00000000        0x0 build/default/debug/src/framework/sal/sys/main.o

.bss%z123       0x00000000        0x0
 .bss           0x00000000        0x0 build/default/debug/src/framework/sal/sys/exc.o

.data%z124      0x00000000        0x0
 .data          0x00000000        0x0 build/default/debug/src/framework/sal/sys/exc.o

.bss%z125       0x00000000        0x0
 .bss           0x00000000        0x0 build/default/debug/src/framework/sal/rtos/rtos_cfg.o

.data%z126      0x00000000        0x0
 .data          0x00000000        0x0 build/default/debug/src/framework/sal/rtos/rtos_cfg.o

.bss%z127       0x00000000        0x0
 .bss           0x00000000        0x0 build/default/debug/src/framework/sal/dio/outch.o

.data%z128      0x00000000        0x0
 .data          0x00000000        0x0 build/default/debug/src/framework/sal/dio/inch.o

.bss%z129       0x00000000        0x0
 .bss           0x00000000        0x0 build/default/debug/src/framework/hal/uart.o

.data%z130      0x00000000        0x0
 .data          0x00000000        0x0 build/default/debug/src/framework/hal/uart.o

.bss%z131       0x00000000        0x0
 .bss           0x00000000        0x0 build/default/debug/src/framework/hal/tmr.o

.data%z132      0x00000000        0x0
 .data          0x00000000        0x0 build/default/debug/src/framework/hal/tmr.o

.bss%z133       0x00000000        0x0
 .bss           0x00000000        0x0 build/default/debug/src/framework/hal/pwm.o

.data%z134      0x00000000        0x0
 .data          0x00000000        0x0 build/default/debug/src/framework/hal/pwm.o

.bss%z135       0x00000000        0x0
 .bss           0x00000000        0x0 build/default/debug/src/framework/hal/port.o

.data%z136      0x00000000        0x0
 .data          0x00000000        0x0 build/default/debug/src/framework/hal/port.o

.bss%z137       0x00000000        0x0
 .bss           0x00000000        0x0 build/default/debug/src/framework/hal/int.o

.data%z138      0x00000000        0x0
 .data          0x00000000        0x0 build/default/debug/src/framework/hal/int.o

.data%z139      0x00000000        0x0
 .data          0x00000000        0x0 build/default/debug/src/framework/hal/ic.o

.data%z140      0x00000000        0x0
 .data          0x00000000        0x0 build/default/debug/src/framework/hal/eep.o

.data%z141      0x00000000        0x0
 .data          0x00000000        0x0 build/default/debug/src/framework/hal/can.o

.bss%z142       0x00000000        0x0
 .bss           0x00000000        0x0 build/default/debug/src/framework/hal/adc.o

.data%z143      0x00000000        0x0
 .data          0x00000000        0x0 build/default/debug/src/framework/hal/adc.o

.bss%z144       0x00000000        0x0
 .bss           0x00000000        0x0 /opt/microchip/xc32/v1.31/bin/../lib/gcc/pic32mx/4.5.2/../../../../pic32mx/lib/./proc/32MX795F512L/crt0_mips32r2.o

.data%z145      0x00000000        0x0
 .data          0x00000000        0x0 /opt/microchip/xc32/v1.31/bin/../lib/gcc/pic32mx/4.5.2/../../../../pic32mx/lib/./proc/32MX795F512L/crt0_mips32r2.o

.text           0x9d000000     0x77cc
 .text          0x9d000000     0x2d68 build/default/debug/src/framework/hal/can.o
                0x9d000000                CAN_Initialise
                0x9d0003b8                CAN_StopReceiveMsgID
                0x9d0006b4                CAN_SetReceiveMsgID
                0x9d0026c0                CAN_eCheckCANTxStatus
                0x9d0026e4                CAN_eCheckCANRxStatus
                0x9d002708                CAN_ePrepareRTRReply
                0x9d002730                CAN_eRequireMsgTransmission
                0x9d002ad8                CAN_eReadReceivedMsg
                0x9d002ca8                CAN_TK_PeriodicDiagnosis
 .text          0x9d002d68      0xb0c build/default/debug/src/framework/hal/ic.o
                0x9d002d68                IC_Init
                0x9d002ed0                IC_GetICFreqAndDC
                0x9d002fac                IC_RunInputCapture
                0x9d002ff4                IC_PeriodicTask
                0x9d003414                IC1_IntHandler
                0x9d003584                IC2_IntHandler
                0x9d0036fc                IC3_IntHandler
 .text          0x9d003874      0x9d0 build/default/debug/src/framework/hal/eep.o
                0x9d003874                EEP_Initialise
                0x9d0038e0                EEP_eReadEeprom
                0x9d003950                EEP_eWriteEeprom
                0x9d0039c0                EEP_TK_PeriodicManagement
                0x9d003edc                I2C1Handler
 .text          0x9d004244      0x82c build/default/debug/src/framework/sal/dio/inch.o
                0x9d004244                INCH_GetChannelTransition
                0x9d004380                INCH_GetChannelStatus
                0x9d004424                INCH_PeriodicTask
                0x9d004640                INCH_Init
 .text          0x9d004a70      0x794 build/default/debug/src/framework/hal/uart.o
                0x9d004a70                UART_Init
                0x9d004b50                UART_EnableUARTReception
                0x9d004bc0                UART_EnableUARTTransmission
                0x9d004c30                UART_bGetLastReceivedMessage
                0x9d004ccc                UART_bPutMessageToSend
                0x9d004fb4                UART1Handler
                0x9d005028                DMA1Handler
                0x9d005118                DMA2Handler
 .text          0x9d005204      0x758 build/default/debug/src/framework/hal/adc.o
                0x9d005204                ADC_Init
                0x9d005378                ADC_StartChnAcq
                0x9d0053c8                ADC_CheckIsAcqFinished
                0x9d00541c                ADC_PeriodicTask
                0x9d0057bc                T3_IntHandler
                0x9d005830                ADC_IntHandler
 .text          0x9d00595c      0x6e0 build/default/debug/src/framework/sal/rtos/rtos.o
                0x9d00595c                RTOS_SetCallback
                0x9d005a84                RTOS_StopCallback
                0x9d005b1c                RTOS_TickTimerCallback
                0x9d005cc8                RTOS_stopOperation
                0x9d005cf8                RTOS_startOperation
                0x9d005d54                RTOS_executeTask
                0x9d005f20                RTOS_tickCountGet